deploy-backend	Set up job	∩╗┐2026-03-01T11:47:08.7167197Z Current runner version: '2.331.0'
deploy-backend	Set up job	2026-03-01T11:47:08.7206431Z ##[group]Runner Image Provisioner
deploy-backend	Set up job	2026-03-01T11:47:08.7208112Z Hosted Compute Agent
deploy-backend	Set up job	2026-03-01T11:47:08.7209297Z Version: 20260213.493
deploy-backend	Set up job	2026-03-01T11:47:08.7210651Z Commit: 5c115507f6dd24b8de37d8bbe0bb4509d0cc0fa3
deploy-backend	Set up job	2026-03-01T11:47:08.7212356Z Build Date: 2026-02-13T00:28:41Z
deploy-backend	Set up job	2026-03-01T11:47:08.7213925Z Worker ID: ***8d9308fe-7e0c-434d-af9e-6f67fc1a4ea8***
deploy-backend	Set up job	2026-03-01T11:47:08.7215448Z Azure Region: northcentralus
deploy-backend	Set up job	2026-03-01T11:47:08.7216733Z ##[endgroup]
deploy-backend	Set up job	2026-03-01T11:47:08.7219179Z ##[group]Operating System
deploy-backend	Set up job	2026-03-01T11:47:08.7220431Z Ubuntu
deploy-backend	Set up job	2026-03-01T11:47:08.7221420Z 24.04.3
deploy-backend	Set up job	2026-03-01T11:47:08.7222632Z LTS
deploy-backend	Set up job	2026-03-01T11:47:08.7223658Z ##[endgroup]
deploy-backend	Set up job	2026-03-01T11:47:08.7224880Z ##[group]Runner Image
deploy-backend	Set up job	2026-03-01T11:47:08.7226121Z Image: ubuntu-24.04
deploy-backend	Set up job	2026-03-01T11:47:08.7227285Z Version: 20260224.36.1
deploy-backend	Set up job	2026-03-01T11:47:08.7229088Z Included Software: https://github.com/actions/runner-images/blob/ubuntu24/20260224.36/images/ubuntu/Ubuntu2404-Readme.md
deploy-backend	Set up job	2026-03-01T11:47:08.7232374Z Image Release: https://github.com/actions/runner-images/releases/tag/ubuntu24%2F20260224.36
deploy-backend	Set up job	2026-03-01T11:47:08.7234111Z ##[endgroup]
deploy-backend	Set up job	2026-03-01T11:47:08.7236451Z ##[group]GITHUB_TOKEN Permissions
deploy-backend	Set up job	2026-03-01T11:47:08.7239739Z Contents: read
deploy-backend	Set up job	2026-03-01T11:47:08.7240979Z Metadata: read
deploy-backend	Set up job	2026-03-01T11:47:08.7242222Z Packages: read
deploy-backend	Set up job	2026-03-01T11:47:08.7243366Z ##[endgroup]
deploy-backend	Set up job	2026-03-01T11:47:08.7246654Z Secret source: Actions
deploy-backend	Set up job	2026-03-01T11:47:08.7248370Z Prepare workflow directory
deploy-backend	Set up job	2026-03-01T11:47:08.7757286Z Prepare all required actions
deploy-backend	Set up job	2026-03-01T11:47:08.7817274Z Getting action download info
deploy-backend	Set up job	2026-03-01T11:47:09.1001041Z Download action repository 'actions/checkout@v4' (SHA:34e114876b0b11c390a56381ad16ebd13914f8d5)
deploy-backend	Set up job	2026-03-01T11:47:09.2385189Z Download action repository 'google-github-actions/auth@v2' (SHA:c200f3691d83b41bf9bbd8638997a462592937ed)
deploy-backend	Set up job	2026-03-01T11:47:09.6082484Z Download action repository 'google-github-actions/setup-gcloud@v2' (SHA:e427ad8a34f8676edf47cf7d7925499adf3eb74f)
deploy-backend	Set up job	2026-03-01T11:47:10.0757817Z Complete job name: deploy-backend
deploy-backend	Run actions/checkout@v4	∩╗┐2026-03-01T11:47:10.1731167Z ##[group]Run actions/checkout@v4
deploy-backend	Run actions/checkout@v4	2026-03-01T11:47:10.1733266Z with:
deploy-backend	Run actions/checkout@v4	2026-03-01T11:47:10.1734388Z   repository: SankarGaneshb/Market-Rover
deploy-backend	Run actions/checkout@v4	2026-03-01T11:47:10.1736115Z   token: ***
deploy-backend	Run actions/checkout@v4	2026-03-01T11:47:10.1737162Z   ssh-strict: true
deploy-backend	Run actions/checkout@v4	2026-03-01T11:47:10.1738247Z   ssh-user: git
deploy-backend	Run actions/checkout@v4	2026-03-01T11:47:10.1739356Z   persist-credentials: true
deploy-backend	Run actions/checkout@v4	2026-03-01T11:47:10.1740518Z   clean: true
deploy-backend	Run actions/checkout@v4	2026-03-01T11:47:10.1741713Z   sparse-checkout-cone-mode: true
deploy-backend	Run actions/checkout@v4	2026-03-01T11:47:10.1742944Z   fetch-depth: 1
deploy-backend	Run actions/checkout@v4	2026-03-01T11:47:10.1744005Z   fetch-tags: false
deploy-backend	Run actions/checkout@v4	2026-03-01T11:47:10.1745066Z   show-progress: true
deploy-backend	Run actions/checkout@v4	2026-03-01T11:47:10.1746143Z   lfs: false
deploy-backend	Run actions/checkout@v4	2026-03-01T11:47:10.1747157Z   submodules: false
deploy-backend	Run actions/checkout@v4	2026-03-01T11:47:10.1748248Z   set-safe-directory: true
deploy-backend	Run actions/checkout@v4	2026-03-01T11:47:10.1749655Z env:
deploy-backend	Run actions/checkout@v4	2026-03-01T11:47:10.1750652Z   PROJECT_ID: market-rover
deploy-backend	Run actions/checkout@v4	2026-03-01T11:47:10.1751882Z   REGION: us-central1
deploy-backend	Run actions/checkout@v4	2026-03-01T11:47:10.1753015Z   BACKEND_SERVICE: investcraft-api
deploy-backend	Run actions/checkout@v4	2026-03-01T11:47:10.1754303Z   FRONTEND_SERVICE: investcraft-ui
deploy-backend	Run actions/checkout@v4	2026-03-01T11:47:10.1755578Z ##[endgroup]
deploy-backend	Run actions/checkout@v4	2026-03-01T11:47:10.2861010Z Syncing repository: SankarGaneshb/Market-Rover
deploy-backend	Run actions/checkout@v4	2026-03-01T11:47:10.2864755Z ##[group]Getting Git version info
deploy-backend	Run actions/checkout@v4	2026-03-01T11:47:10.2866440Z Working directory is '/home/runner/work/Market-Rover/Market-Rover'
deploy-backend	Run actions/checkout@v4	2026-03-01T11:47:10.2868910Z [command]/usr/bin/git version
deploy-backend	Run actions/checkout@v4	2026-03-01T11:47:10.2906754Z git version 2.53.0
deploy-backend	Run actions/checkout@v4	2026-03-01T11:47:10.2931965Z ##[endgroup]
deploy-backend	Run actions/checkout@v4	2026-03-01T11:47:10.2955225Z Temporarily overriding HOME='/home/runner/work/_temp/8d6dcc86-16b3-4109-8afd-46f95f6867de' before making global git config changes
deploy-backend	Run actions/checkout@v4	2026-03-01T11:47:10.2958219Z Adding repository directory to the temporary git global config as a safe directory
deploy-backend	Run actions/checkout@v4	2026-03-01T11:47:10.2960998Z [command]/usr/bin/git config --global --add safe.directory /home/runner/work/Market-Rover/Market-Rover
deploy-backend	Run actions/checkout@v4	2026-03-01T11:47:10.3002266Z Deleting the contents of '/home/runner/work/Market-Rover/Market-Rover'
deploy-backend	Run actions/checkout@v4	2026-03-01T11:47:10.3006510Z ##[group]Initializing the repository
deploy-backend	Run actions/checkout@v4	2026-03-01T11:47:10.3013033Z [command]/usr/bin/git init /home/runner/work/Market-Rover/Market-Rover
deploy-backend	Run actions/checkout@v4	2026-03-01T11:47:10.3142166Z hint: Using 'master' as the name for the initial branch. This default branch name
deploy-backend	Run actions/checkout@v4	2026-03-01T11:47:10.3146367Z hint: will change to "main" in Git 3.0. To configure the initial branch name
deploy-backend	Run actions/checkout@v4	2026-03-01T11:47:10.3150170Z hint: to use in all of your new repositories, which will suppress this warning,
deploy-backend	Run actions/checkout@v4	2026-03-01T11:47:10.3153677Z hint: call:
deploy-backend	Run actions/checkout@v4	2026-03-01T11:47:10.3155486Z hint:
deploy-backend	Run actions/checkout@v4	2026-03-01T11:47:10.3157488Z hint: 	git config --global init.defaultBranch <name>
deploy-backend	Run actions/checkout@v4	2026-03-01T11:47:10.3159718Z hint:
deploy-backend	Run actions/checkout@v4	2026-03-01T11:47:10.3162037Z hint: Names commonly chosen instead of 'master' are 'main', 'trunk' and
deploy-backend	Run actions/checkout@v4	2026-03-01T11:47:10.3165163Z hint: 'development'. The just-created branch can be renamed via this command:
deploy-backend	Run actions/checkout@v4	2026-03-01T11:47:10.3167858Z hint:
deploy-backend	Run actions/checkout@v4	2026-03-01T11:47:10.3168882Z hint: 	git branch -m <name>
deploy-backend	Run actions/checkout@v4	2026-03-01T11:47:10.3169981Z hint:
deploy-backend	Run actions/checkout@v4	2026-03-01T11:47:10.3171433Z hint: Disable this message with "git config set advice.defaultBranchName false"
deploy-backend	Run actions/checkout@v4	2026-03-01T11:47:10.3174475Z Initialized empty Git repository in /home/runner/work/Market-Rover/Market-Rover/.git/
deploy-backend	Run actions/checkout@v4	2026-03-01T11:47:10.3179948Z [command]/usr/bin/git remote add origin https://github.com/SankarGaneshb/Market-Rover
deploy-backend	Run actions/checkout@v4	2026-03-01T11:47:10.3199809Z ##[endgroup]
deploy-backend	Run actions/checkout@v4	2026-03-01T11:47:10.3202907Z ##[group]Disabling automatic garbage collection
deploy-backend	Run actions/checkout@v4	2026-03-01T11:47:10.3205512Z [command]/usr/bin/git config --local gc.auto 0
deploy-backend	Run actions/checkout@v4	2026-03-01T11:47:10.3234227Z ##[endgroup]
deploy-backend	Run actions/checkout@v4	2026-03-01T11:47:10.3237171Z ##[group]Setting up auth
deploy-backend	Run actions/checkout@v4	2026-03-01T11:47:10.3241943Z [command]/usr/bin/git config --local --name-only --get-regexp core\.sshCommand
deploy-backend	Run actions/checkout@v4	2026-03-01T11:47:10.3271384Z [command]/usr/bin/git submodule foreach --recursive sh -c "git config --local --name-only --get-regexp 'core\.sshCommand' && git config --local --unset-all 'core.sshCommand' || :"
deploy-backend	Run actions/checkout@v4	2026-03-01T11:47:10.3613872Z [command]/usr/bin/git config --local --name-only --get-regexp http\.https\:\/\/github\.com\/\.extraheader
deploy-backend	Run actions/checkout@v4	2026-03-01T11:47:10.3648758Z [command]/usr/bin/git submodule foreach --recursive sh -c "git config --local --name-only --get-regexp 'http\.https\:\/\/github\.com\/\.extraheader' && git config --local --unset-all 'http.https://github.com/.extraheader' || :"
deploy-backend	Run actions/checkout@v4	2026-03-01T11:47:10.3837691Z [command]/usr/bin/git config --local --name-only --get-regexp ^includeIf\.gitdir:
deploy-backend	Run actions/checkout@v4	2026-03-01T11:47:10.3870309Z [command]/usr/bin/git submodule foreach --recursive git config --local --show-origin --name-only --get-regexp remote.origin.url
deploy-backend	Run actions/checkout@v4	2026-03-01T11:47:10.4061882Z [command]/usr/bin/git config --local http.https://github.com/.extraheader AUTHORIZATION: basic ***
deploy-backend	Run actions/checkout@v4	2026-03-01T11:47:10.4094442Z ##[endgroup]
deploy-backend	Run actions/checkout@v4	2026-03-01T11:47:10.4102422Z ##[group]Fetching the repository
deploy-backend	Run actions/checkout@v4	2026-03-01T11:47:10.4105147Z [command]/usr/bin/git -c protocol.version=2 fetch --no-tags --prune --no-recurse-submodules --depth=1 origin +9574b22b882c6258019e2293856da51c1e9f7b47:refs/remotes/origin/main
deploy-backend	Run actions/checkout@v4	2026-03-01T11:47:11.0280664Z From https://github.com/SankarGaneshb/Market-Rover
deploy-backend	Run actions/checkout@v4	2026-03-01T11:47:11.0282951Z  * [new ref]         9574b22b882c6258019e2293856da51c1e9f7b47 -> origin/main
deploy-backend	Run actions/checkout@v4	2026-03-01T11:47:11.0312025Z ##[endgroup]
deploy-backend	Run actions/checkout@v4	2026-03-01T11:47:11.0313804Z ##[group]Determining the checkout info
deploy-backend	Run actions/checkout@v4	2026-03-01T11:47:11.0315561Z ##[endgroup]
deploy-backend	Run actions/checkout@v4	2026-03-01T11:47:11.0318553Z [command]/usr/bin/git sparse-checkout disable
deploy-backend	Run actions/checkout@v4	2026-03-01T11:47:11.0358673Z [command]/usr/bin/git config --local --unset-all extensions.worktreeConfig
deploy-backend	Run actions/checkout@v4	2026-03-01T11:47:11.0382468Z ##[group]Checking out the ref
deploy-backend	Run actions/checkout@v4	2026-03-01T11:47:11.0385656Z [command]/usr/bin/git checkout --progress --force -B main refs/remotes/origin/main
deploy-backend	Run actions/checkout@v4	2026-03-01T11:47:11.0744926Z Switched to a new branch 'main'
deploy-backend	Run actions/checkout@v4	2026-03-01T11:47:11.0747752Z branch 'main' set up to track 'origin/main'.
deploy-backend	Run actions/checkout@v4	2026-03-01T11:47:11.0756986Z ##[endgroup]
deploy-backend	Run actions/checkout@v4	2026-03-01T11:47:11.0795557Z [command]/usr/bin/git log -1 --format=%H
deploy-backend	Run actions/checkout@v4	2026-03-01T11:47:11.0817871Z 9574b22b882c6258019e2293856da51c1e9f7b47
deploy-backend	Sync Brand Data to Backend	∩╗┐2026-03-01T11:47:11.1017017Z ##[group]Run mkdir -p investcraft/backend/src/data
deploy-backend	Sync Brand Data to Backend	2026-03-01T11:47:11.1018952Z [36;1mmkdir -p investcraft/backend/src/data[0m
deploy-backend	Sync Brand Data to Backend	2026-03-01T11:47:11.1020787Z [36;1mcp investcraft/frontend/src/data/brands.js investcraft/backend/src/data/brands.js[0m
deploy-backend	Sync Brand Data to Backend	2026-03-01T11:47:11.1063603Z shell: /usr/bin/bash -e ***0***
deploy-backend	Sync Brand Data to Backend	2026-03-01T11:47:11.1064791Z env:
deploy-backend	Sync Brand Data to Backend	2026-03-01T11:47:11.1065716Z   PROJECT_ID: market-rover
deploy-backend	Sync Brand Data to Backend	2026-03-01T11:47:11.1066786Z   REGION: us-central1
deploy-backend	Sync Brand Data to Backend	2026-03-01T11:47:11.1067860Z   BACKEND_SERVICE: investcraft-api
deploy-backend	Sync Brand Data to Backend	2026-03-01T11:47:11.1069051Z   FRONTEND_SERVICE: investcraft-ui
deploy-backend	Sync Brand Data to Backend	2026-03-01T11:47:11.1070164Z ##[endgroup]
deploy-backend	Run google-github-actions/auth@v2	∩╗┐2026-03-01T11:47:11.1396766Z ##[group]Run google-github-actions/auth@v2
deploy-backend	Run google-github-actions/auth@v2	2026-03-01T11:47:11.1398009Z with:
deploy-backend	Run google-github-actions/auth@v2	2026-03-01T11:47:11.1427260Z   credentials_json: ***
deploy-backend	Run google-github-actions/auth@v2	2026-03-01T11:47:11.1428335Z   create_credentials_file: true
deploy-backend	Run google-github-actions/auth@v2	2026-03-01T11:47:11.1429459Z   export_environment_variables: true
deploy-backend	Run google-github-actions/auth@v2	2026-03-01T11:47:11.1430615Z   universe: googleapis.com
deploy-backend	Run google-github-actions/auth@v2	2026-03-01T11:47:11.1431746Z   cleanup_credentials: true
deploy-backend	Run google-github-actions/auth@v2	2026-03-01T11:47:11.1432876Z   access_token_lifetime: 3600s
deploy-backend	Run google-github-actions/auth@v2	2026-03-01T11:47:11.1434252Z   access_token_scopes: https://www.googleapis.com/auth/cloud-platform
deploy-backend	Run google-github-actions/auth@v2	2026-03-01T11:47:11.1435718Z   id_token_include_email: false
deploy-backend	Run google-github-actions/auth@v2	2026-03-01T11:47:11.1436767Z env:
deploy-backend	Run google-github-actions/auth@v2	2026-03-01T11:47:11.1437673Z   PROJECT_ID: market-rover
deploy-backend	Run google-github-actions/auth@v2	2026-03-01T11:47:11.1438712Z   REGION: us-central1
deploy-backend	Run google-github-actions/auth@v2	2026-03-01T11:47:11.1439740Z   BACKEND_SERVICE: investcraft-api
deploy-backend	Run google-github-actions/auth@v2	2026-03-01T11:47:11.1440893Z   FRONTEND_SERVICE: investcraft-ui
deploy-backend	Run google-github-actions/auth@v2	2026-03-01T11:47:11.1442031Z ##[endgroup]
deploy-backend	Run google-github-actions/auth@v2	2026-03-01T11:47:11.2362357Z Created credentials file at "/home/runner/work/Market-Rover/Market-Rover/gha-creds-e6bf4266890ba96b.json"
deploy-backend	Run google-github-actions/setup-gcloud@v2	∩╗┐2026-03-01T11:47:11.2558237Z ##[group]Run google-github-actions/setup-gcloud@v2
deploy-backend	Run google-github-actions/setup-gcloud@v2	2026-03-01T11:47:11.2559599Z with:
deploy-backend	Run google-github-actions/setup-gcloud@v2	2026-03-01T11:47:11.2560509Z   version: latest
deploy-backend	Run google-github-actions/setup-gcloud@v2	2026-03-01T11:47:11.2561478Z   skip_install: false
deploy-backend	Run google-github-actions/setup-gcloud@v2	2026-03-01T11:47:11.2562594Z   skip_tool_cache: false
deploy-backend	Run google-github-actions/setup-gcloud@v2	2026-03-01T11:47:11.2563587Z env:
deploy-backend	Run google-github-actions/setup-gcloud@v2	2026-03-01T11:47:11.2564487Z   PROJECT_ID: market-rover
deploy-backend	Run google-github-actions/setup-gcloud@v2	2026-03-01T11:47:11.2565579Z   REGION: us-central1
deploy-backend	Run google-github-actions/setup-gcloud@v2	2026-03-01T11:47:11.2566630Z   BACKEND_SERVICE: investcraft-api
deploy-backend	Run google-github-actions/setup-gcloud@v2	2026-03-01T11:47:11.2567796Z   FRONTEND_SERVICE: investcraft-ui
deploy-backend	Run google-github-actions/setup-gcloud@v2	2026-03-01T11:47:11.2569703Z   CLOUDSDK_AUTH_CREDENTIAL_FILE_OVERRIDE: /home/runner/work/Market-Rover/Market-Rover/gha-creds-e6bf4266890ba96b.json
deploy-backend	Run google-github-actions/setup-gcloud@v2	2026-03-01T11:47:11.2572471Z   GOOGLE_APPLICATION_CREDENTIALS: /home/runner/work/Market-Rover/Market-Rover/gha-creds-e6bf4266890ba96b.json
deploy-backend	Run google-github-actions/setup-gcloud@v2	2026-03-01T11:47:11.2574996Z   GOOGLE_GHA_CREDS_PATH: /home/runner/work/Market-Rover/Market-Rover/gha-creds-e6bf4266890ba96b.json
deploy-backend	Run google-github-actions/setup-gcloud@v2	2026-03-01T11:47:11.2576835Z   CLOUDSDK_CORE_PROJECT: market-rover
deploy-backend	Run google-github-actions/setup-gcloud@v2	2026-03-01T11:47:11.2578034Z   CLOUDSDK_PROJECT: market-rover
deploy-backend	Run google-github-actions/setup-gcloud@v2	2026-03-01T11:47:11.2579239Z   GCLOUD_PROJECT: market-rover
deploy-backend	Run google-github-actions/setup-gcloud@v2	2026-03-01T11:47:11.2580339Z   GCP_PROJECT: market-rover
deploy-backend	Run google-github-actions/setup-gcloud@v2	2026-03-01T11:47:11.2581433Z   GOOGLE_CLOUD_PROJECT: market-rover
deploy-backend	Run google-github-actions/setup-gcloud@v2	2026-03-01T11:47:11.2582719Z ##[endgroup]
deploy-backend	Run google-github-actions/setup-gcloud@v2	2026-03-01T11:47:12.8132702Z [command]/usr/bin/tar xz --warning=no-unknown-keyword --overwrite -C /home/runner/work/_temp/5c053b6e-e5fa-4148-8bb7-10e6c08bbf5c -f /home/runner/work/_temp/77000b77-3471-4f35-917a-d4cc792c9018
deploy-backend	Run google-github-actions/setup-gcloud@v2	2026-03-01T11:47:28.3371893Z Successfully authenticated
deploy-backend	Build & Push Backend	∩╗┐2026-03-01T11:47:28.3598651Z ##[group]Run gcloud builds submit investcraft/backend --tag gcr.io/market-rover/investcraft-api:9574b22b882c6258019e2293856da51c1e9f7b47
deploy-backend	Build & Push Backend	2026-03-01T11:47:28.3600666Z [36;1mgcloud builds submit investcraft/backend --tag gcr.io/market-rover/investcraft-api:9574b22b882c6258019e2293856da51c1e9f7b47[0m
deploy-backend	Build & Push Backend	2026-03-01T11:47:28.3650764Z shell: /usr/bin/bash -e ***0***
deploy-backend	Build & Push Backend	2026-03-01T11:47:28.3651399Z env:
deploy-backend	Build & Push Backend	2026-03-01T11:47:28.3651968Z   PROJECT_ID: market-rover
deploy-backend	Build & Push Backend	2026-03-01T11:47:28.3652531Z   REGION: us-central1
deploy-backend	Build & Push Backend	2026-03-01T11:47:28.3653063Z   BACKEND_SERVICE: investcraft-api
deploy-backend	Build & Push Backend	2026-03-01T11:47:28.3653676Z   FRONTEND_SERVICE: investcraft-ui
deploy-backend	Build & Push Backend	2026-03-01T11:47:28.3654800Z   CLOUDSDK_AUTH_CREDENTIAL_FILE_OVERRIDE: /home/runner/work/Market-Rover/Market-Rover/gha-creds-e6bf4266890ba96b.json
deploy-backend	Build & Push Backend	2026-03-01T11:47:28.3656428Z   GOOGLE_APPLICATION_CREDENTIALS: /home/runner/work/Market-Rover/Market-Rover/gha-creds-e6bf4266890ba96b.json
deploy-backend	Build & Push Backend	2026-03-01T11:47:28.3658108Z   GOOGLE_GHA_CREDS_PATH: /home/runner/work/Market-Rover/Market-Rover/gha-creds-e6bf4266890ba96b.json
deploy-backend	Build & Push Backend	2026-03-01T11:47:28.3659223Z   CLOUDSDK_CORE_PROJECT: market-rover
deploy-backend	Build & Push Backend	2026-03-01T11:47:28.3659854Z   CLOUDSDK_PROJECT: market-rover
deploy-backend	Build & Push Backend	2026-03-01T11:47:28.3660497Z   GCLOUD_PROJECT: market-rover
deploy-backend	Build & Push Backend	2026-03-01T11:47:28.3661080Z   GCP_PROJECT: market-rover
deploy-backend	Build & Push Backend	2026-03-01T11:47:28.3661702Z   GOOGLE_CLOUD_PROJECT: market-rover
deploy-backend	Build & Push Backend	2026-03-01T11:47:28.3662449Z   CLOUDSDK_METRICS_ENVIRONMENT: github-actions-setup-gcloud
deploy-backend	Build & Push Backend	2026-03-01T11:47:28.3663247Z   CLOUDSDK_METRICS_ENVIRONMENT_VERSION: 2.2.1
deploy-backend	Build & Push Backend	2026-03-01T11:47:28.3663882Z ##[endgroup]
deploy-backend	Build & Push Backend	2026-03-01T11:47:29.7092165Z Creating temporary archive of 24 file(s) totalling 354.4 KiB before compression.
deploy-backend	Build & Push Backend	2026-03-01T11:47:29.7478984Z Uploading tarball of [investcraft/backend] to [gs://market-rover_cloudbuild/source/1772365649.43188-26e3d3dd16384f2a9f74ed126cd8d894.tgz]
deploy-backend	Build & Push Backend	2026-03-01T11:47:30.9883294Z Created [https://cloudbuild.googleapis.com/v1/projects/market-rover/locations/global/builds/d2b35451-69ad-4e20-acda-40998b6fc0f9].
deploy-backend	Build & Push Backend	2026-03-01T11:47:30.9885293Z Logs are available at [ https://console.cloud.google.com/cloud-build/builds/d2b35451-69ad-4e20-acda-40998b6fc0f9?project=9514347926 ].
deploy-backend	Build & Push Backend	2026-03-01T11:47:31.1677428Z Waiting for build to complete. Polling interval: 1 second(s).
deploy-backend	Build & Push Backend	2026-03-01T11:48:04.2381901Z ----------------------------- REMOTE BUILD OUTPUT ------------------------------
deploy-backend	Build & Push Backend	2026-03-01T11:48:04.2382947Z starting build "d2b35451-69ad-4e20-acda-40998b6fc0f9"
deploy-backend	Build & Push Backend	2026-03-01T11:48:04.2383357Z 
deploy-backend	Build & Push Backend	2026-03-01T11:48:04.2383582Z FETCHSOURCE
deploy-backend	Build & Push Backend	2026-03-01T11:48:04.2384472Z Fetching storage object: gs://market-rover_cloudbuild/source/1772365649.43188-26e3d3dd16384f2a9f74ed126cd8d894.tgz#1772365649854564
deploy-backend	Build & Push Backend	2026-03-01T11:48:04.2386013Z Copying gs://market-rover_cloudbuild/source/1772365649.43188-26e3d3dd16384f2a9f74ed126cd8d894.tgz#1772365649854564...
deploy-backend	Build & Push Backend	2026-03-01T11:48:04.2387215Z / [0 files][    0.0 B/ 78.2 KiB]                                                
deploy-backend	Build & Push Backend	2026-03-01T11:48:04.2388155Z / [1 files][ 78.2 KiB/ 78.2 KiB]                                                
deploy-backend	Build & Push Backend	2026-03-01T11:48:04.2388968Z Operation completed over 1 objects/78.2 KiB.
deploy-backend	Build & Push Backend	2026-03-01T11:48:04.2389588Z BUILD
deploy-backend	Build & Push Backend	2026-03-01T11:48:04.2390243Z Already have image (with digest): gcr.io/cloud-builders/gcb-internal
deploy-backend	Build & Push Backend	2026-03-01T11:48:04.2391097Z Sending build context to Docker daemon    386kB
deploy-backend	Build & Push Backend	2026-03-01T11:48:04.2391581Z 
deploy-backend	Build & Push Backend	2026-03-01T11:48:04.2392015Z Step 1/10 : FROM node:18-alpine
deploy-backend	Build & Push Backend	2026-03-01T11:48:04.2392700Z 18-alpine: Pulling from library/node
deploy-backend	Build & Push Backend	2026-03-01T11:48:04.2393400Z f18232174bc9: Pulling fs layer
deploy-backend	Build & Push Backend	2026-03-01T11:48:04.2394011Z dd71dde834b5: Pulling fs layer
deploy-backend	Build & Push Backend	2026-03-01T11:48:04.2394569Z 1e5a4c89cee5: Pulling fs layer
deploy-backend	Build & Push Backend	2026-03-01T11:48:04.2395205Z 25ff2da83641: Pulling fs layer
deploy-backend	Build & Push Backend	2026-03-01T11:48:04.2395786Z 25ff2da83641: Download complete
deploy-backend	Build & Push Backend	2026-03-01T11:48:04.2396349Z f18232174bc9: Verifying Checksum
deploy-backend	Build & Push Backend	2026-03-01T11:48:04.2396920Z f18232174bc9: Download complete
deploy-backend	Build & Push Backend	2026-03-01T11:48:04.2397536Z 1e5a4c89cee5: Verifying Checksum
deploy-backend	Build & Push Backend	2026-03-01T11:48:04.2398116Z 1e5a4c89cee5: Download complete
deploy-backend	Build & Push Backend	2026-03-01T11:48:04.2398654Z f18232174bc9: Pull complete
deploy-backend	Build & Push Backend	2026-03-01T11:48:04.2399661Z dd71dde834b5: Verifying Checksum
deploy-backend	Build & Push Backend	2026-03-01T11:48:04.2400152Z dd71dde834b5: Download complete
deploy-backend	Build & Push Backend	2026-03-01T11:48:04.2400645Z dd71dde834b5: Pull complete
deploy-backend	Build & Push Backend	2026-03-01T11:48:04.2401099Z 1e5a4c89cee5: Pull complete
deploy-backend	Build & Push Backend	2026-03-01T11:48:04.2401570Z 25ff2da83641: Pull complete
deploy-backend	Build & Push Backend	2026-03-01T11:48:04.2402434Z Digest: sha256:8d6421d663b4c28fd3ebc498332f249011d118945588d0a35cb9bc4b8ca09d9e
deploy-backend	Build & Push Backend	2026-03-01T11:48:04.2403215Z Status: Downloaded newer image for node:18-alpine
deploy-backend	Build & Push Backend	2026-03-01T11:48:04.2403789Z  ---> ee77c6cd7c18
deploy-backend	Build & Push Backend	2026-03-01T11:48:04.2404201Z Step 2/10 : WORKDIR /app
deploy-backend	Build & Push Backend	2026-03-01T11:48:04.2404678Z  ---> Running in d8e886d33c85
deploy-backend	Build & Push Backend	2026-03-01T11:48:04.2405188Z Removing intermediate container d8e886d33c85
deploy-backend	Build & Push Backend	2026-03-01T11:48:04.2405679Z  ---> da80942ba9e3
deploy-backend	Build & Push Backend	2026-03-01T11:48:04.2406080Z Step 3/10 : COPY package*.json ./
deploy-backend	Build & Push Backend	2026-03-01T11:48:04.2406851Z  ---> 078e3e1b08d8
deploy-backend	Build & Push Backend	2026-03-01T11:48:04.2407247Z Step 4/10 : RUN npm install --omit=dev
deploy-backend	Build & Push Backend	2026-03-01T11:48:04.2407727Z  ---> Running in 4fb1f30af7a4
deploy-backend	Build & Push Backend	2026-03-01T11:48:04.2408938Z [91mnpm warn deprecated node-domexception@1.0.0: Use your platform's native DOMException instead
deploy-backend	Build & Push Backend	2026-03-01T11:48:04.2411342Z [0m[91mnpm warn deprecated glob@10.5.0: Old versions of glob are not supported, and contain widely publicized security vulnerabilities, which have been fixed in the current version. Please update. Support for old versions may be purchased (at exorbitant rates) by contacting i@izs.me
deploy-backend	Build & Push Backend	2026-03-01T11:48:04.2414058Z [0m
deploy-backend	Build & Push Backend	2026-03-01T11:48:04.2414505Z added 216 packages, and audited 217 packages in 7s
deploy-backend	Build & Push Backend	2026-03-01T11:48:04.2414901Z 
deploy-backend	Build & Push Backend	2026-03-01T11:48:04.2415099Z 39 packages are looking for funding
deploy-backend	Build & Push Backend	2026-03-01T11:48:04.2415636Z   run `npm fund` for details
deploy-backend	Build & Push Backend	2026-03-01T11:48:04.2415928Z 
deploy-backend	Build & Push Backend	2026-03-01T11:48:04.2416128Z 1 high severity vulnerability
deploy-backend	Build & Push Backend	2026-03-01T11:48:04.2416432Z 
deploy-backend	Build & Push Backend	2026-03-01T11:48:04.2416693Z To address all issues, run:
deploy-backend	Build & Push Backend	2026-03-01T11:48:04.2417155Z   npm audit fix
deploy-backend	Build & Push Backend	2026-03-01T11:48:04.2417405Z 
deploy-backend	Build & Push Backend	2026-03-01T11:48:04.2417617Z Run `npm audit` for details.
deploy-backend	Build & Push Backend	2026-03-01T11:48:04.2418159Z [91mnpm notice
deploy-backend	Build & Push Backend	2026-03-01T11:48:04.2418750Z npm notice New major version of npm available! 10.8.2 -> 11.11.0
deploy-backend	Build & Push Backend	2026-03-01T11:48:04.2419574Z npm notice Changelog: https://github.com/npm/cli/releases/tag/v11.11.0
deploy-backend	Build & Push Backend	2026-03-01T11:48:04.2420374Z npm notice To update run: npm install -g npm@11.11.0
deploy-backend	Build & Push Backend	2026-03-01T11:48:04.2420970Z npm notice
deploy-backend	Build & Push Backend	2026-03-01T11:48:04.2421550Z [0mRemoving intermediate container 4fb1f30af7a4
deploy-backend	Build & Push Backend	2026-03-01T11:48:04.2422321Z  ---> 603708c326b3
deploy-backend	Build & Push Backend	2026-03-01T11:48:04.2422739Z Step 5/10 : COPY src/ ./src/
deploy-backend	Build & Push Backend	2026-03-01T11:48:04.2423228Z  ---> cd5d890b6ade
deploy-backend	Build & Push Backend	2026-03-01T11:48:04.2423670Z Step 6/10 : COPY scripts/ ./scripts/
deploy-backend	Build & Push Backend	2026-03-01T11:48:04.2424182Z  ---> 681863aaf8a4
deploy-backend	Build & Push Backend	2026-03-01T11:48:04.2424634Z Step 7/10 : ENV NODE_ENV=production
deploy-backend	Build & Push Backend	2026-03-01T11:48:04.2425139Z  ---> Running in 2eb882ce8dca
deploy-backend	Build & Push Backend	2026-03-01T11:48:04.2425679Z Removing intermediate container 2eb882ce8dca
deploy-backend	Build & Push Backend	2026-03-01T11:48:04.2426223Z  ---> 839b77620224
deploy-backend	Build & Push Backend	2026-03-01T11:48:04.2426630Z Step 8/10 : ENV PORT=8080
deploy-backend	Build & Push Backend	2026-03-01T11:48:04.2427269Z  ---> Running in 2762c0d419ca
deploy-backend	Build & Push Backend	2026-03-01T11:48:04.2427848Z Removing intermediate container 2762c0d419ca
deploy-backend	Build & Push Backend	2026-03-01T11:48:04.2428399Z  ---> b4fc96d99072
deploy-backend	Build & Push Backend	2026-03-01T11:48:04.2428847Z Step 9/10 : EXPOSE 8080
deploy-backend	Build & Push Backend	2026-03-01T11:48:04.2429323Z  ---> Running in b8b1bda332fa
deploy-backend	Build & Push Backend	2026-03-01T11:48:04.2429873Z Removing intermediate container b8b1bda332fa
deploy-backend	Build & Push Backend	2026-03-01T11:48:04.2430398Z  ---> a52c5a03fbd2
deploy-backend	Build & Push Backend	2026-03-01T11:48:04.2430856Z Step 10/10 : CMD ["node", "src/server.js"]
deploy-backend	Build & Push Backend	2026-03-01T11:48:04.2431406Z  ---> Running in d45edd52d06b
deploy-backend	Build & Push Backend	2026-03-01T11:48:04.2432113Z Removing intermediate container d45edd52d06b
deploy-backend	Build & Push Backend	2026-03-01T11:48:04.2432665Z  ---> 4c8467b2ee71
deploy-backend	Build & Push Backend	2026-03-01T11:48:04.2433106Z Successfully built 4c8467b2ee71
deploy-backend	Build & Push Backend	2026-03-01T11:48:04.2433924Z Successfully tagged gcr.io/market-rover/investcraft-api:9574b22b882c6258019e2293856da51c1e9f7b47
deploy-backend	Build & Push Backend	2026-03-01T11:48:04.2434778Z PUSH
deploy-backend	Build & Push Backend	2026-03-01T11:48:04.2435435Z Pushing gcr.io/market-rover/investcraft-api:9574b22b882c6258019e2293856da51c1e9f7b47
deploy-backend	Build & Push Backend	2026-03-01T11:48:04.2436335Z The push refers to repository [gcr.io/market-rover/investcraft-api]
deploy-backend	Build & Push Backend	2026-03-01T11:48:04.2437332Z 661219938a3e: Preparing
deploy-backend	Build & Push Backend	2026-03-01T11:48:04.2437797Z 8291fa39f7e1: Preparing
deploy-backend	Build & Push Backend	2026-03-01T11:48:04.2438277Z aeaf3f993112: Preparing
deploy-backend	Build & Push Backend	2026-03-01T11:48:04.2438715Z 5131017a6da2: Preparing
deploy-backend	Build & Push Backend	2026-03-01T11:48:04.2439154Z d666bfa6efbc: Preparing
deploy-backend	Build & Push Backend	2026-03-01T11:48:04.2439595Z 82140d9a70a7: Preparing
deploy-backend	Build & Push Backend	2026-03-01T11:48:04.2440034Z f3b40b0cdb1c: Preparing
deploy-backend	Build & Push Backend	2026-03-01T11:48:04.2440488Z 0b1f26057bd0: Preparing
deploy-backend	Build & Push Backend	2026-03-01T11:48:04.2440922Z 08000c18d16d: Preparing
deploy-backend	Build & Push Backend	2026-03-01T11:48:04.2441396Z 0b1f26057bd0: Layer already exists
deploy-backend	Build & Push Backend	2026-03-01T11:48:04.2442096Z 08000c18d16d: Layer already exists
deploy-backend	Build & Push Backend	2026-03-01T11:48:04.2442633Z f3b40b0cdb1c: Layer already exists
deploy-backend	Build & Push Backend	2026-03-01T11:48:04.2443164Z 82140d9a70a7: Layer already exists
deploy-backend	Build & Push Backend	2026-03-01T11:48:04.2443652Z 661219938a3e: Pushed
deploy-backend	Build & Push Backend	2026-03-01T11:48:04.2444301Z 8291fa39f7e1: Pushed
deploy-backend	Build & Push Backend	2026-03-01T11:48:04.2444674Z 5131017a6da2: Pushed
deploy-backend	Build & Push Backend	2026-03-01T11:48:04.2445058Z d666bfa6efbc: Pushed
deploy-backend	Build & Push Backend	2026-03-01T11:48:04.2445452Z aeaf3f993112: Pushed
deploy-backend	Build & Push Backend	2026-03-01T11:48:04.2446397Z 9574b22b882c6258019e2293856da51c1e9f7b47: digest: sha256:8d6e2b41db39894a363221586be91b40cf926f84fc4b89362df5b5925b12e388 size: 2203
deploy-backend	Build & Push Backend	2026-03-01T11:48:04.2447325Z DONE
deploy-backend	Build & Push Backend	2026-03-01T11:48:04.2447784Z --------------------------------------------------------------------------------
deploy-backend	Build & Push Backend	2026-03-01T11:48:04.2448932Z ID                                    CREATE_TIME                DURATION  SOURCE                                                                                     IMAGES                                                                        STATUS
deploy-backend	Build & Push Backend	2026-03-01T11:48:04.2451102Z d2b35451-69ad-4e20-acda-40998b6fc0f9  2026-03-01T11:47:30+00:00  30S       gs://market-rover_cloudbuild/source/1772365649.43188-26e3d3dd16384f2a9f74ed126cd8d894.tgz  gcr.io/market-rover/investcraft-api:9574b22b882c6258019e2293856da51c1e9f7b47  SUCCESS
deploy-backend	Run gcloud run deploy investcraft-api \	∩╗┐2026-03-01T11:48:04.4536176Z ##[group]Run gcloud run deploy investcraft-api \
deploy-backend	Run gcloud run deploy investcraft-api \	2026-03-01T11:48:04.4536672Z [36;1mgcloud run deploy investcraft-api \[0m
deploy-backend	Run gcloud run deploy investcraft-api \	2026-03-01T11:48:04.4537208Z [36;1m  --image gcr.io/market-rover/investcraft-api:9574b22b882c6258019e2293856da51c1e9f7b47 \[0m
deploy-backend	Run gcloud run deploy investcraft-api \	2026-03-01T11:48:04.4537818Z [36;1m  --region us-central1 --platform managed --allow-unauthenticated \[0m
deploy-backend	Run gcloud run deploy investcraft-api \	2026-03-01T11:48:04.4538474Z [36;1m  --set-secrets "JWT_SECRET=investcraft-jwt-secret:latest,GOOGLE_CLIENT_SECRET=GOOGLE_CLIENT_SECRET:latest" \[0m
deploy-backend	Run gcloud run deploy investcraft-api \	2026-03-01T11:48:04.4539832Z [36;1m  --set-env-vars "NODE_ENV=production,IC_DB_NAME=postgres,IC_DB_USER=postgres,IC_DB_PASSWORD=***,CLOUD_SQL_CONNECTION_NAME=market-rover:us-central1:investcraft-db,IC_GOOGLE_CLIENT_ID=***" \[0m
deploy-backend	Run gcloud run deploy investcraft-api \	2026-03-01T11:48:04.4540703Z [36;1m  --add-cloudsql-instances market-rover:us-central1:investcraft-db[0m
deploy-backend	Run gcloud run deploy investcraft-api \	2026-03-01T11:48:04.4572270Z shell: /usr/bin/bash -e ***0***
deploy-backend	Run gcloud run deploy investcraft-api \	2026-03-01T11:48:04.4572616Z env:
deploy-backend	Run gcloud run deploy investcraft-api \	2026-03-01T11:48:04.4572904Z   PROJECT_ID: market-rover
deploy-backend	Run gcloud run deploy investcraft-api \	2026-03-01T11:48:04.4573269Z   REGION: us-central1
deploy-backend	Run gcloud run deploy investcraft-api \	2026-03-01T11:48:04.4573552Z   BACKEND_SERVICE: investcraft-api
deploy-backend	Run gcloud run deploy investcraft-api \	2026-03-01T11:48:04.4573856Z   FRONTEND_SERVICE: investcraft-ui
deploy-backend	Run gcloud run deploy investcraft-api \	2026-03-01T11:48:04.4574415Z   CLOUDSDK_AUTH_CREDENTIAL_FILE_OVERRIDE: /home/runner/work/Market-Rover/Market-Rover/gha-creds-e6bf4266890ba96b.json
deploy-backend	Run gcloud run deploy investcraft-api \	2026-03-01T11:48:04.4575188Z   GOOGLE_APPLICATION_CREDENTIALS: /home/runner/work/Market-Rover/Market-Rover/gha-creds-e6bf4266890ba96b.json
deploy-backend	Run gcloud run deploy investcraft-api \	2026-03-01T11:48:04.4575889Z   GOOGLE_GHA_CREDS_PATH: /home/runner/work/Market-Rover/Market-Rover/gha-creds-e6bf4266890ba96b.json
deploy-backend	Run gcloud run deploy investcraft-api \	2026-03-01T11:48:04.4576393Z   CLOUDSDK_CORE_PROJECT: market-rover
deploy-backend	Run gcloud run deploy investcraft-api \	2026-03-01T11:48:04.4576706Z   CLOUDSDK_PROJECT: market-rover
deploy-backend	Run gcloud run deploy investcraft-api \	2026-03-01T11:48:04.4577010Z   GCLOUD_PROJECT: market-rover
deploy-backend	Run gcloud run deploy investcraft-api \	2026-03-01T11:48:04.4577289Z   GCP_PROJECT: market-rover
deploy-backend	Run gcloud run deploy investcraft-api \	2026-03-01T11:48:04.4577572Z   GOOGLE_CLOUD_PROJECT: market-rover
deploy-backend	Run gcloud run deploy investcraft-api \	2026-03-01T11:48:04.4577946Z   CLOUDSDK_METRICS_ENVIRONMENT: github-actions-setup-gcloud
deploy-backend	Run gcloud run deploy investcraft-api \	2026-03-01T11:48:04.4578346Z   CLOUDSDK_METRICS_ENVIRONMENT_VERSION: 2.2.1
deploy-backend	Run gcloud run deploy investcraft-api \	2026-03-01T11:48:04.4578663Z ##[endgroup]
deploy-backend	Run gcloud run deploy investcraft-api \	2026-03-01T11:48:06.9394770Z Deploying container to Cloud Run service [investcraft-api] in project [market-rover] region [us-central1]
deploy-backend	Run gcloud run deploy investcraft-api \	2026-03-01T11:48:06.9395650Z Deploying...
deploy-backend	Run gcloud run deploy investcraft-api \	2026-03-01T11:48:07.9942111Z Setting IAM Policy..........done
deploy-backend	Run gcloud run deploy investcraft-api \	2026-03-01T11:48:15.4726061Z Creating Revision..................................................................................done
deploy-backend	Run gcloud run deploy investcraft-api \	2026-03-01T11:48:15.4726914Z Routing traffic.....done
deploy-backend	Run gcloud run deploy investcraft-api \	2026-03-01T11:48:15.6316239Z Done.
deploy-backend	Run gcloud run deploy investcraft-api \	2026-03-01T11:48:15.6542634Z Service [investcraft-api] revision [investcraft-api-00031-lsb] has been deployed and is serving 100 percent of traffic.
deploy-backend	Run gcloud run deploy investcraft-api \	2026-03-01T11:48:15.6544121Z Service URL: https://investcraft-api-9514347926.us-central1.run.app
deploy-backend	Force DB Sync (Seeding)	∩╗┐2026-03-01T11:48:15.9867596Z ##[group]Run gcloud run jobs delete investcraft-seeder --region us-central1 --quiet || echo "Job not found, skipping delete."
deploy-backend	Force DB Sync (Seeding)	2026-03-01T11:48:15.9868677Z [36;1mgcloud run jobs delete investcraft-seeder --region us-central1 --quiet || echo "Job not found, skipping delete."[0m
deploy-backend	Force DB Sync (Seeding)	2026-03-01T11:48:15.9869275Z [36;1mgcloud run jobs create investcraft-seeder \[0m
deploy-backend	Force DB Sync (Seeding)	2026-03-01T11:48:15.9869800Z [36;1m  --image gcr.io/market-rover/investcraft-api:9574b22b882c6258019e2293856da51c1e9f7b47 \[0m
deploy-backend	Force DB Sync (Seeding)	2026-03-01T11:48:15.9870327Z [36;1m  --command "npm" --args "run,seed" \[0m
deploy-backend	Force DB Sync (Seeding)	2026-03-01T11:48:15.9870674Z [36;1m  --region us-central1 \[0m
deploy-backend	Force DB Sync (Seeding)	2026-03-01T11:48:15.9871417Z [36;1m  --set-env-vars "NODE_ENV=production,DB_NAME=postgres,DB_USER=postgres,DB_PASSWORD=***,DB_HOST=/cloudsql/market-rover:us-central1:investcraft-db" \[0m
deploy-backend	Force DB Sync (Seeding)	2026-03-01T11:48:15.9872493Z [36;1m  --set-cloudsql-instances market-rover:us-central1:investcraft-db \[0m
deploy-backend	Force DB Sync (Seeding)	2026-03-01T11:48:15.9872920Z [36;1m  --quiet[0m
deploy-backend	Force DB Sync (Seeding)	2026-03-01T11:48:15.9873310Z [36;1mgcloud run jobs execute investcraft-seeder --region us-central1 --wait[0m
deploy-backend	Force DB Sync (Seeding)	2026-03-01T11:48:15.9905901Z shell: /usr/bin/bash -e ***0***
deploy-backend	Force DB Sync (Seeding)	2026-03-01T11:48:15.9906296Z env:
deploy-backend	Force DB Sync (Seeding)	2026-03-01T11:48:15.9906574Z   PROJECT_ID: market-rover
deploy-backend	Force DB Sync (Seeding)	2026-03-01T11:48:15.9906862Z   REGION: us-central1
deploy-backend	Force DB Sync (Seeding)	2026-03-01T11:48:15.9907142Z   BACKEND_SERVICE: investcraft-api
deploy-backend	Force DB Sync (Seeding)	2026-03-01T11:48:15.9907457Z   FRONTEND_SERVICE: investcraft-ui
deploy-backend	Force DB Sync (Seeding)	2026-03-01T11:48:15.9908007Z   CLOUDSDK_AUTH_CREDENTIAL_FILE_OVERRIDE: /home/runner/work/Market-Rover/Market-Rover/gha-creds-e6bf4266890ba96b.json
deploy-backend	Force DB Sync (Seeding)	2026-03-01T11:48:15.9908777Z   GOOGLE_APPLICATION_CREDENTIALS: /home/runner/work/Market-Rover/Market-Rover/gha-creds-e6bf4266890ba96b.json
deploy-backend	Force DB Sync (Seeding)	2026-03-01T11:48:15.9909495Z   GOOGLE_GHA_CREDS_PATH: /home/runner/work/Market-Rover/Market-Rover/gha-creds-e6bf4266890ba96b.json
deploy-backend	Force DB Sync (Seeding)	2026-03-01T11:48:15.9909997Z   CLOUDSDK_CORE_PROJECT: market-rover
deploy-backend	Force DB Sync (Seeding)	2026-03-01T11:48:15.9910319Z   CLOUDSDK_PROJECT: market-rover
deploy-backend	Force DB Sync (Seeding)	2026-03-01T11:48:15.9910617Z   GCLOUD_PROJECT: market-rover
deploy-backend	Force DB Sync (Seeding)	2026-03-01T11:48:15.9910912Z   GCP_PROJECT: market-rover
deploy-backend	Force DB Sync (Seeding)	2026-03-01T11:48:15.9911199Z   GOOGLE_CLOUD_PROJECT: market-rover
deploy-backend	Force DB Sync (Seeding)	2026-03-01T11:48:15.9911576Z   CLOUDSDK_METRICS_ENVIRONMENT: github-actions-setup-gcloud
deploy-backend	Force DB Sync (Seeding)	2026-03-01T11:48:15.9912268Z   CLOUDSDK_METRICS_ENVIRONMENT_VERSION: 2.2.1
deploy-backend	Force DB Sync (Seeding)	2026-03-01T11:48:15.9912591Z ##[endgroup]
deploy-backend	Force DB Sync (Seeding)	2026-03-01T11:48:16.6951969Z Deleting [investcraft-seeder]...
deploy-backend	Force DB Sync (Seeding)	2026-03-01T11:48:19.6556912Z ..............done.
deploy-backend	Force DB Sync (Seeding)	2026-03-01T11:48:19.6984970Z Deleted job [investcraft-seeder].
deploy-backend	Force DB Sync (Seeding)	2026-03-01T11:48:21.0826247Z Creating Cloud Run job [investcraft-seeder] in project [market-rover] region [us-central1]
deploy-backend	Force DB Sync (Seeding)	2026-03-01T11:48:21.0826951Z Creating job...
deploy-backend	Force DB Sync (Seeding)	2026-03-01T11:48:22.6938233Z Done.
deploy-backend	Force DB Sync (Seeding)	2026-03-01T11:48:22.7863945Z Job [investcraft-seeder] has successfully been created.
deploy-backend	Force DB Sync (Seeding)	2026-03-01T11:48:22.7864582Z 
deploy-backend	Force DB Sync (Seeding)	2026-03-01T11:48:22.7864817Z To execute this job, use:
deploy-backend	Force DB Sync (Seeding)	2026-03-01T11:48:22.7865418Z gcloud run jobs execute investcraft-seeder
deploy-backend	Force DB Sync (Seeding)	2026-03-01T11:48:23.6955898Z Creating execution...
deploy-backend	Force DB Sync (Seeding)	2026-03-01T11:48:25.1424098Z Provisioning resources...................done
deploy-backend	Force DB Sync (Seeding)	2026-03-01T11:50:33.6263928Z Starting execution..........................................................................................................................................................................................................................................................................................................................................................................................................................................................................................................................................................................................................................................................................................................................................................................................................................................................................................................................................................................................................................................................................................................................................................................................................................................................................................................................................done
deploy-backend	Force DB Sync (Seeding)	2026-03-01T11:50:38.8868553Z Running execution..............................................................done
deploy-backend	Force DB Sync (Seeding)	2026-03-01T11:50:38.9308447Z Done.
deploy-backend	Force DB Sync (Seeding)	2026-03-01T11:50:39.0214183Z Execution [investcraft-seeder-vbj9j] has successfully completed.
deploy-backend	Force DB Sync (Seeding)	2026-03-01T11:50:39.0217297Z 
deploy-backend	Force DB Sync (Seeding)	2026-03-01T11:50:39.0217975Z View details about this execution by running:
deploy-backend	Force DB Sync (Seeding)	2026-03-01T11:50:39.0218837Z gcloud run jobs executions describe investcraft-seeder-vbj9j
deploy-backend	Force DB Sync (Seeding)	2026-03-01T11:50:39.0219500Z 
deploy-backend	Force DB Sync (Seeding)	2026-03-01T11:50:39.0220322Z Or visit https://console.cloud.google.com/run/jobs/executions/details/us-central1/investcraft-seeder-vbj9j?project=9514347926
deploy-backend	Post Run google-github-actions/auth@v2	∩╗┐2026-03-01T11:50:39.1985622Z Post job cleanup.
deploy-backend	Post Run google-github-actions/auth@v2	2026-03-01T11:50:39.2797815Z Removed exported credentials at "/home/runner/work/Market-Rover/Market-Rover/gha-creds-e6bf4266890ba96b.json".
deploy-backend	Post Run actions/checkout@v4	∩╗┐2026-03-01T11:50:39.2918877Z Post job cleanup.
deploy-backend	Post Run actions/checkout@v4	2026-03-01T11:50:39.3824450Z [command]/usr/bin/git version
deploy-backend	Post Run actions/checkout@v4	2026-03-01T11:50:39.3861114Z git version 2.53.0
deploy-backend	Post Run actions/checkout@v4	2026-03-01T11:50:39.3900476Z Temporarily overriding HOME='/home/runner/work/_temp/c3d28bdd-0dd4-4d75-b9d0-68e54da3886c' before making global git config changes
deploy-backend	Post Run actions/checkout@v4	2026-03-01T11:50:39.3901352Z Adding repository directory to the temporary git global config as a safe directory
deploy-backend	Post Run actions/checkout@v4	2026-03-01T11:50:39.3906323Z [command]/usr/bin/git config --global --add safe.directory /home/runner/work/Market-Rover/Market-Rover
deploy-backend	Post Run actions/checkout@v4	2026-03-01T11:50:39.3956050Z [command]/usr/bin/git config --local --name-only --get-regexp core\.sshCommand
deploy-backend	Post Run actions/checkout@v4	2026-03-01T11:50:39.3989740Z [command]/usr/bin/git submodule foreach --recursive sh -c "git config --local --name-only --get-regexp 'core\.sshCommand' && git config --local --unset-all 'core.sshCommand' || :"
deploy-backend	Post Run actions/checkout@v4	2026-03-01T11:50:39.4196580Z [command]/usr/bin/git config --local --name-only --get-regexp http\.https\:\/\/github\.com\/\.extraheader
deploy-backend	Post Run actions/checkout@v4	2026-03-01T11:50:39.4218817Z http.https://github.com/.extraheader
deploy-backend	Post Run actions/checkout@v4	2026-03-01T11:50:39.4229458Z [command]/usr/bin/git config --local --unset-all http.https://github.com/.extraheader
deploy-backend	Post Run actions/checkout@v4	2026-03-01T11:50:39.4261523Z [command]/usr/bin/git submodule foreach --recursive sh -c "git config --local --name-only --get-regexp 'http\.https\:\/\/github\.com\/\.extraheader' && git config --local --unset-all 'http.https://github.com/.extraheader' || :"
deploy-backend	Post Run actions/checkout@v4	2026-03-01T11:50:39.4463066Z [command]/usr/bin/git config --local --name-only --get-regexp ^includeIf\.gitdir:
deploy-backend	Post Run actions/checkout@v4	2026-03-01T11:50:39.4495679Z [command]/usr/bin/git submodule foreach --recursive git config --local --show-origin --name-only --get-regexp remote.origin.url
deploy-backend	Complete job	∩╗┐2026-03-01T11:50:39.4823617Z Cleaning up orphan processes
deploy-frontend	Set up job	∩╗┐2026-03-01T11:50:44.2535969Z Current runner version: '2.331.0'
deploy-frontend	Set up job	2026-03-01T11:50:44.2569683Z ##[group]Runner Image Provisioner
deploy-frontend	Set up job	2026-03-01T11:50:44.2571040Z Hosted Compute Agent
deploy-frontend	Set up job	2026-03-01T11:50:44.2571796Z Version: 20260213.493
deploy-frontend	Set up job	2026-03-01T11:50:44.2572576Z Commit: 5c115507f6dd24b8de37d8bbe0bb4509d0cc0fa3
deploy-frontend	Set up job	2026-03-01T11:50:44.2573462Z Build Date: 2026-02-13T00:28:41Z
deploy-frontend	Set up job	2026-03-01T11:50:44.2574866Z Worker ID: ***08077d00-50c5-4cb3-b8ec-4224d42607b0***
deploy-frontend	Set up job	2026-03-01T11:50:44.2575741Z Azure Region: westus3
deploy-frontend	Set up job	2026-03-01T11:50:44.2576498Z ##[endgroup]
deploy-frontend	Set up job	2026-03-01T11:50:44.2578290Z ##[group]Operating System
deploy-frontend	Set up job	2026-03-01T11:50:44.2579096Z Ubuntu
deploy-frontend	Set up job	2026-03-01T11:50:44.2579740Z 24.04.3
deploy-frontend	Set up job	2026-03-01T11:50:44.2580388Z LTS
deploy-frontend	Set up job	2026-03-01T11:50:44.2581055Z ##[endgroup]
deploy-frontend	Set up job	2026-03-01T11:50:44.2581748Z ##[group]Runner Image
deploy-frontend	Set up job	2026-03-01T11:50:44.2582466Z Image: ubuntu-24.04
deploy-frontend	Set up job	2026-03-01T11:50:44.2583152Z Version: 20260224.36.1
deploy-frontend	Set up job	2026-03-01T11:50:44.2585078Z Included Software: https://github.com/actions/runner-images/blob/ubuntu24/20260224.36/images/ubuntu/Ubuntu2404-Readme.md
deploy-frontend	Set up job	2026-03-01T11:50:44.2587116Z Image Release: https://github.com/actions/runner-images/releases/tag/ubuntu24%2F20260224.36
deploy-frontend	Set up job	2026-03-01T11:50:44.2588201Z ##[endgroup]
deploy-frontend	Set up job	2026-03-01T11:50:44.2589792Z ##[group]GITHUB_TOKEN Permissions
deploy-frontend	Set up job	2026-03-01T11:50:44.2592633Z Contents: read
deploy-frontend	Set up job	2026-03-01T11:50:44.2593384Z Metadata: read
deploy-frontend	Set up job	2026-03-01T11:50:44.2594214Z Packages: read
deploy-frontend	Set up job	2026-03-01T11:50:44.2594867Z ##[endgroup]
deploy-frontend	Set up job	2026-03-01T11:50:44.2597843Z Secret source: Actions
deploy-frontend	Set up job	2026-03-01T11:50:44.2598896Z Prepare workflow directory
deploy-frontend	Set up job	2026-03-01T11:50:44.3061612Z Prepare all required actions
deploy-frontend	Set up job	2026-03-01T11:50:44.3106576Z Getting action download info
deploy-frontend	Set up job	2026-03-01T11:50:44.7159407Z Download action repository 'actions/checkout@v4' (SHA:34e114876b0b11c390a56381ad16ebd13914f8d5)
deploy-frontend	Set up job	2026-03-01T11:50:44.8549809Z Download action repository 'actions/setup-node@v4' (SHA:49933ea5288caeca8642d1e84afbd3f7d6820020)
deploy-frontend	Set up job	2026-03-01T11:50:44.9646039Z Download action repository 'codecov/codecov-action@v3' (SHA:ab904c41d6ece82784817410c45d8b8c02684457)
deploy-frontend	Set up job	2026-03-01T11:50:45.8476267Z Download action repository 'google-github-actions/auth@v2' (SHA:c200f3691d83b41bf9bbd8638997a462592937ed)
deploy-frontend	Set up job	2026-03-01T11:50:46.6320874Z Download action repository 'google-github-actions/setup-gcloud@v2' (SHA:e427ad8a34f8676edf47cf7d7925499adf3eb74f)
deploy-frontend	Set up job	2026-03-01T11:50:47.6189800Z Complete job name: deploy-frontend
deploy-frontend	Run actions/checkout@v4	∩╗┐2026-03-01T11:50:47.6866752Z ##[group]Run actions/checkout@v4
deploy-frontend	Run actions/checkout@v4	2026-03-01T11:50:47.6867562Z with:
deploy-frontend	Run actions/checkout@v4	2026-03-01T11:50:47.6867941Z   repository: SankarGaneshb/Market-Rover
deploy-frontend	Run actions/checkout@v4	2026-03-01T11:50:47.6868656Z   token: ***
deploy-frontend	Run actions/checkout@v4	2026-03-01T11:50:47.6868984Z   ssh-strict: true
deploy-frontend	Run actions/checkout@v4	2026-03-01T11:50:47.6869315Z   ssh-user: git
deploy-frontend	Run actions/checkout@v4	2026-03-01T11:50:47.6869672Z   persist-credentials: true
deploy-frontend	Run actions/checkout@v4	2026-03-01T11:50:47.6870036Z   clean: true
deploy-frontend	Run actions/checkout@v4	2026-03-01T11:50:47.6870377Z   sparse-checkout-cone-mode: true
deploy-frontend	Run actions/checkout@v4	2026-03-01T11:50:47.6870773Z   fetch-depth: 1
deploy-frontend	Run actions/checkout@v4	2026-03-01T11:50:47.6871108Z   fetch-tags: false
deploy-frontend	Run actions/checkout@v4	2026-03-01T11:50:47.6871451Z   show-progress: true
deploy-frontend	Run actions/checkout@v4	2026-03-01T11:50:47.6871815Z   lfs: false
deploy-frontend	Run actions/checkout@v4	2026-03-01T11:50:47.6872134Z   submodules: false
deploy-frontend	Run actions/checkout@v4	2026-03-01T11:50:47.6872515Z   set-safe-directory: true
deploy-frontend	Run actions/checkout@v4	2026-03-01T11:50:47.6873073Z env:
deploy-frontend	Run actions/checkout@v4	2026-03-01T11:50:47.6873398Z   PROJECT_ID: market-rover
deploy-frontend	Run actions/checkout@v4	2026-03-01T11:50:47.6873929Z   REGION: us-central1
deploy-frontend	Run actions/checkout@v4	2026-03-01T11:50:47.6874295Z   BACKEND_SERVICE: investcraft-api
deploy-frontend	Run actions/checkout@v4	2026-03-01T11:50:47.6874704Z   FRONTEND_SERVICE: investcraft-ui
deploy-frontend	Run actions/checkout@v4	2026-03-01T11:50:47.6875154Z ##[endgroup]
deploy-frontend	Run actions/checkout@v4	2026-03-01T11:50:47.7998697Z Syncing repository: SankarGaneshb/Market-Rover
deploy-frontend	Run actions/checkout@v4	2026-03-01T11:50:47.8000659Z ##[group]Getting Git version info
deploy-frontend	Run actions/checkout@v4	2026-03-01T11:50:47.8001501Z Working directory is '/home/runner/work/Market-Rover/Market-Rover'
deploy-frontend	Run actions/checkout@v4	2026-03-01T11:50:47.8002901Z [command]/usr/bin/git version
deploy-frontend	Run actions/checkout@v4	2026-03-01T11:50:47.8046325Z git version 2.53.0
deploy-frontend	Run actions/checkout@v4	2026-03-01T11:50:47.8071719Z ##[endgroup]
deploy-frontend	Run actions/checkout@v4	2026-03-01T11:50:47.8096542Z Temporarily overriding HOME='/home/runner/work/_temp/f391a4cc-0005-4b1d-bb42-2ac48b252bdf' before making global git config changes
deploy-frontend	Run actions/checkout@v4	2026-03-01T11:50:47.8097652Z Adding repository directory to the temporary git global config as a safe directory
deploy-frontend	Run actions/checkout@v4	2026-03-01T11:50:47.8102968Z [command]/usr/bin/git config --global --add safe.directory /home/runner/work/Market-Rover/Market-Rover
deploy-frontend	Run actions/checkout@v4	2026-03-01T11:50:47.8144745Z Deleting the contents of '/home/runner/work/Market-Rover/Market-Rover'
deploy-frontend	Run actions/checkout@v4	2026-03-01T11:50:47.8148323Z ##[group]Initializing the repository
deploy-frontend	Run actions/checkout@v4	2026-03-01T11:50:47.8152669Z [command]/usr/bin/git init /home/runner/work/Market-Rover/Market-Rover
deploy-frontend	Run actions/checkout@v4	2026-03-01T11:50:47.8223020Z hint: Using 'master' as the name for the initial branch. This default branch name
deploy-frontend	Run actions/checkout@v4	2026-03-01T11:50:47.8224484Z hint: will change to "main" in Git 3.0. To configure the initial branch name
deploy-frontend	Run actions/checkout@v4	2026-03-01T11:50:47.8225628Z hint: to use in all of your new repositories, which will suppress this warning,
deploy-frontend	Run actions/checkout@v4	2026-03-01T11:50:47.8226587Z hint: call:
deploy-frontend	Run actions/checkout@v4	2026-03-01T11:50:47.8227091Z hint:
deploy-frontend	Run actions/checkout@v4	2026-03-01T11:50:47.8227731Z hint: 	git config --global init.defaultBranch <name>
deploy-frontend	Run actions/checkout@v4	2026-03-01T11:50:47.8228189Z hint:
deploy-frontend	Run actions/checkout@v4	2026-03-01T11:50:47.8228626Z hint: Names commonly chosen instead of 'master' are 'main', 'trunk' and
deploy-frontend	Run actions/checkout@v4	2026-03-01T11:50:47.8229346Z hint: 'development'. The just-created branch can be renamed via this command:
deploy-frontend	Run actions/checkout@v4	2026-03-01T11:50:47.8230162Z hint:
deploy-frontend	Run actions/checkout@v4	2026-03-01T11:50:47.8230723Z hint: 	git branch -m <name>
deploy-frontend	Run actions/checkout@v4	2026-03-01T11:50:47.8231095Z hint:
deploy-frontend	Run actions/checkout@v4	2026-03-01T11:50:47.8231538Z hint: Disable this message with "git config set advice.defaultBranchName false"
deploy-frontend	Run actions/checkout@v4	2026-03-01T11:50:47.8232621Z Initialized empty Git repository in /home/runner/work/Market-Rover/Market-Rover/.git/
deploy-frontend	Run actions/checkout@v4	2026-03-01T11:50:47.8238519Z [command]/usr/bin/git remote add origin https://github.com/SankarGaneshb/Market-Rover
deploy-frontend	Run actions/checkout@v4	2026-03-01T11:50:47.8270611Z ##[endgroup]
deploy-frontend	Run actions/checkout@v4	2026-03-01T11:50:47.8271289Z ##[group]Disabling automatic garbage collection
deploy-frontend	Run actions/checkout@v4	2026-03-01T11:50:47.8275037Z [command]/usr/bin/git config --local gc.auto 0
deploy-frontend	Run actions/checkout@v4	2026-03-01T11:50:47.8301449Z ##[endgroup]
deploy-frontend	Run actions/checkout@v4	2026-03-01T11:50:47.8302093Z ##[group]Setting up auth
deploy-frontend	Run actions/checkout@v4	2026-03-01T11:50:47.8308886Z [command]/usr/bin/git config --local --name-only --get-regexp core\.sshCommand
deploy-frontend	Run actions/checkout@v4	2026-03-01T11:50:47.8336483Z [command]/usr/bin/git submodule foreach --recursive sh -c "git config --local --name-only --get-regexp 'core\.sshCommand' && git config --local --unset-all 'core.sshCommand' || :"
deploy-frontend	Run actions/checkout@v4	2026-03-01T11:50:47.8629144Z [command]/usr/bin/git config --local --name-only --get-regexp http\.https\:\/\/github\.com\/\.extraheader
deploy-frontend	Run actions/checkout@v4	2026-03-01T11:50:47.8658160Z [command]/usr/bin/git submodule foreach --recursive sh -c "git config --local --name-only --get-regexp 'http\.https\:\/\/github\.com\/\.extraheader' && git config --local --unset-all 'http.https://github.com/.extraheader' || :"
deploy-frontend	Run actions/checkout@v4	2026-03-01T11:50:47.8849661Z [command]/usr/bin/git config --local --name-only --get-regexp ^includeIf\.gitdir:
deploy-frontend	Run actions/checkout@v4	2026-03-01T11:50:47.8884295Z [command]/usr/bin/git submodule foreach --recursive git config --local --show-origin --name-only --get-regexp remote.origin.url
deploy-frontend	Run actions/checkout@v4	2026-03-01T11:50:47.9099890Z [command]/usr/bin/git config --local http.https://github.com/.extraheader AUTHORIZATION: basic ***
deploy-frontend	Run actions/checkout@v4	2026-03-01T11:50:47.9134781Z ##[endgroup]
deploy-frontend	Run actions/checkout@v4	2026-03-01T11:50:47.9136011Z ##[group]Fetching the repository
deploy-frontend	Run actions/checkout@v4	2026-03-01T11:50:47.9145752Z [command]/usr/bin/git -c protocol.version=2 fetch --no-tags --prune --no-recurse-submodules --depth=1 origin +9574b22b882c6258019e2293856da51c1e9f7b47:refs/remotes/origin/main
deploy-frontend	Run actions/checkout@v4	2026-03-01T11:50:48.9370262Z From https://github.com/SankarGaneshb/Market-Rover
deploy-frontend	Run actions/checkout@v4	2026-03-01T11:50:48.9371847Z  * [new ref]         9574b22b882c6258019e2293856da51c1e9f7b47 -> origin/main
deploy-frontend	Run actions/checkout@v4	2026-03-01T11:50:48.9482873Z ##[endgroup]
deploy-frontend	Run actions/checkout@v4	2026-03-01T11:50:48.9483971Z ##[group]Determining the checkout info
deploy-frontend	Run actions/checkout@v4	2026-03-01T11:50:48.9484885Z ##[endgroup]
deploy-frontend	Run actions/checkout@v4	2026-03-01T11:50:48.9492139Z [command]/usr/bin/git sparse-checkout disable
deploy-frontend	Run actions/checkout@v4	2026-03-01T11:50:48.9583244Z [command]/usr/bin/git config --local --unset-all extensions.worktreeConfig
deploy-frontend	Run actions/checkout@v4	2026-03-01T11:50:48.9609781Z ##[group]Checking out the ref
deploy-frontend	Run actions/checkout@v4	2026-03-01T11:50:48.9616158Z [command]/usr/bin/git checkout --progress --force -B main refs/remotes/origin/main
deploy-frontend	Run actions/checkout@v4	2026-03-01T11:50:48.9976813Z Switched to a new branch 'main'
deploy-frontend	Run actions/checkout@v4	2026-03-01T11:50:48.9978483Z branch 'main' set up to track 'origin/main'.
deploy-frontend	Run actions/checkout@v4	2026-03-01T11:50:48.9986583Z ##[endgroup]
deploy-frontend	Run actions/checkout@v4	2026-03-01T11:50:49.0032256Z [command]/usr/bin/git log -1 --format=%H
deploy-frontend	Run actions/checkout@v4	2026-03-01T11:50:49.0057306Z 9574b22b882c6258019e2293856da51c1e9f7b47
deploy-frontend	Set up Node.js	∩╗┐2026-03-01T11:50:49.0274931Z ##[group]Run actions/setup-node@v4
deploy-frontend	Set up Node.js	2026-03-01T11:50:49.0275339Z with:
deploy-frontend	Set up Node.js	2026-03-01T11:50:49.0275591Z   node-version: 18
deploy-frontend	Set up Node.js	2026-03-01T11:50:49.0275850Z   cache: npm
deploy-frontend	Set up Node.js	2026-03-01T11:50:49.0276197Z   cache-dependency-path: investcraft/frontend/package-lock.json
deploy-frontend	Set up Node.js	2026-03-01T11:50:49.0276598Z   always-auth: false
deploy-frontend	Set up Node.js	2026-03-01T11:50:49.0276882Z   check-latest: false
deploy-frontend	Set up Node.js	2026-03-01T11:50:49.0277300Z   token: ***
deploy-frontend	Set up Node.js	2026-03-01T11:50:49.0277550Z env:
deploy-frontend	Set up Node.js	2026-03-01T11:50:49.0277804Z   PROJECT_ID: market-rover
deploy-frontend	Set up Node.js	2026-03-01T11:50:49.0278100Z   REGION: us-central1
deploy-frontend	Set up Node.js	2026-03-01T11:50:49.0278393Z   BACKEND_SERVICE: investcraft-api
deploy-frontend	Set up Node.js	2026-03-01T11:50:49.0278721Z   FRONTEND_SERVICE: investcraft-ui
deploy-frontend	Set up Node.js	2026-03-01T11:50:49.0279034Z ##[endgroup]
deploy-frontend	Set up Node.js	2026-03-01T11:50:49.2040987Z Attempting to download 18...
deploy-frontend	Set up Node.js	2026-03-01T11:50:50.1069607Z Acquiring 18.20.8 - x64 from https://github.com/actions/node-versions/releases/download/18.20.8-14110393767/node-18.20.8-linux-x64.tar.gz
deploy-frontend	Set up Node.js	2026-03-01T11:50:50.7455045Z Extracting ...
deploy-frontend	Set up Node.js	2026-03-01T11:50:50.7553510Z [command]/usr/bin/tar xz --strip 1 --warning=no-unknown-keyword --overwrite -C /home/runner/work/_temp/d4d84b3f-46fe-4e61-8ee2-b76bf30fcb40 -f /home/runner/work/_temp/dbc7e149-c94b-452a-abad-e953390eb904
deploy-frontend	Set up Node.js	2026-03-01T11:50:51.6588688Z Adding to the cache ...
deploy-frontend	Set up Node.js	2026-03-01T11:50:52.9793927Z ##[group]Environment details
deploy-frontend	Set up Node.js	2026-03-01T11:50:53.2188117Z node: v18.20.8
deploy-frontend	Set up Node.js	2026-03-01T11:50:53.2188778Z npm: 10.8.2
deploy-frontend	Set up Node.js	2026-03-01T11:50:53.2189189Z yarn: 1.22.22
deploy-frontend	Set up Node.js	2026-03-01T11:50:53.2189924Z ##[endgroup]
deploy-frontend	Set up Node.js	2026-03-01T11:50:53.2211086Z [command]/opt/hostedtoolcache/node/18.20.8/x64/bin/npm config get cache
deploy-frontend	Set up Node.js	2026-03-01T11:50:53.3396891Z /home/runner/.npm
deploy-frontend	Set up Node.js	2026-03-01T11:50:53.5664754Z npm cache is not found
deploy-frontend	Install Frontend Dependencies	∩╗┐2026-03-01T11:50:53.5907015Z ##[group]Run npm ci
deploy-frontend	Install Frontend Dependencies	2026-03-01T11:50:53.5907517Z [36;1mnpm ci[0m
deploy-frontend	Install Frontend Dependencies	2026-03-01T11:50:53.5946092Z shell: /usr/bin/bash -e ***0***
deploy-frontend	Install Frontend Dependencies	2026-03-01T11:50:53.5946602Z env:
deploy-frontend	Install Frontend Dependencies	2026-03-01T11:50:53.5946891Z   PROJECT_ID: market-rover
deploy-frontend	Install Frontend Dependencies	2026-03-01T11:50:53.5947196Z   REGION: us-central1
deploy-frontend	Install Frontend Dependencies	2026-03-01T11:50:53.5947495Z   BACKEND_SERVICE: investcraft-api
deploy-frontend	Install Frontend Dependencies	2026-03-01T11:50:53.5947830Z   FRONTEND_SERVICE: investcraft-ui
deploy-frontend	Install Frontend Dependencies	2026-03-01T11:50:53.5948150Z ##[endgroup]
deploy-frontend	Install Frontend Dependencies	2026-03-01T11:51:08.9607563Z 
deploy-frontend	Install Frontend Dependencies	2026-03-01T11:51:08.9616306Z added 1325 packages, and audited 1326 packages in 15s
deploy-frontend	Install Frontend Dependencies	2026-03-01T11:51:08.9616821Z 
deploy-frontend	Install Frontend Dependencies	2026-03-01T11:51:08.9617097Z 273 packages are looking for funding
deploy-frontend	Install Frontend Dependencies	2026-03-01T11:51:08.9617534Z   run `npm fund` for details
deploy-frontend	Install Frontend Dependencies	2026-03-01T11:51:08.9982897Z 
deploy-frontend	Install Frontend Dependencies	2026-03-01T11:51:08.9984429Z 31 vulnerabilities (3 moderate, 28 high)
deploy-frontend	Install Frontend Dependencies	2026-03-01T11:51:08.9984937Z 
deploy-frontend	Install Frontend Dependencies	2026-03-01T11:51:08.9985451Z To address issues that do not require attention, run:
deploy-frontend	Install Frontend Dependencies	2026-03-01T11:51:08.9986173Z   npm audit fix
deploy-frontend	Install Frontend Dependencies	2026-03-01T11:51:08.9986452Z 
deploy-frontend	Install Frontend Dependencies	2026-03-01T11:51:08.9986883Z To address all issues (including breaking changes), run:
deploy-frontend	Install Frontend Dependencies	2026-03-01T11:51:08.9987732Z   npm audit fix --force
deploy-frontend	Install Frontend Dependencies	2026-03-01T11:51:08.9988070Z 
deploy-frontend	Install Frontend Dependencies	2026-03-01T11:51:08.9988328Z Run `npm audit` for details.
deploy-frontend	Run Frontend Tests	∩╗┐2026-03-01T11:51:09.0292936Z ##[group]Run npm test -- --coverage --watchAll=false
deploy-frontend	Run Frontend Tests	2026-03-01T11:51:09.0293470Z [36;1mnpm test -- --coverage --watchAll=false[0m
deploy-frontend	Run Frontend Tests	2026-03-01T11:51:09.0329055Z shell: /usr/bin/bash -e ***0***
deploy-frontend	Run Frontend Tests	2026-03-01T11:51:09.0329433Z env:
deploy-frontend	Run Frontend Tests	2026-03-01T11:51:09.0329713Z   PROJECT_ID: market-rover
deploy-frontend	Run Frontend Tests	2026-03-01T11:51:09.0330031Z   REGION: us-central1
deploy-frontend	Run Frontend Tests	2026-03-01T11:51:09.0330336Z   BACKEND_SERVICE: investcraft-api
deploy-frontend	Run Frontend Tests	2026-03-01T11:51:09.0330674Z   FRONTEND_SERVICE: investcraft-ui
deploy-frontend	Run Frontend Tests	2026-03-01T11:51:09.0330978Z   CI: true
deploy-frontend	Run Frontend Tests	2026-03-01T11:51:09.0331228Z ##[endgroup]
deploy-frontend	Run Frontend Tests	2026-03-01T11:51:09.1577797Z 
deploy-frontend	Run Frontend Tests	2026-03-01T11:51:09.1578893Z > investcraft-frontend@1.0.0 test
deploy-frontend	Run Frontend Tests	2026-03-01T11:51:09.1579723Z > react-scripts test --coverage --watchAll=false
deploy-frontend	Run Frontend Tests	2026-03-01T11:51:09.1580008Z 
deploy-frontend	Run Frontend Tests	2026-03-01T11:51:11.7695395Z PASS src/tests/brands.test.js
deploy-frontend	Run Frontend Tests	2026-03-01T11:51:12.9272503Z PASS src/tests/Vote.test.js
deploy-frontend	Run Frontend Tests	2026-03-01T11:51:12.9629135Z   ΓùÅ Console
deploy-frontend	Run Frontend Tests	2026-03-01T11:51:12.9630190Z 
deploy-frontend	Run Frontend Tests	2026-03-01T11:51:12.9630487Z     console.error
deploy-frontend	Run Frontend Tests	2026-03-01T11:51:12.9632053Z       Warning: `ReactDOMTestUtils.act` is deprecated in favor of `React.act`. Import `act` from `react` instead of `react-dom/test-utils`. See https://react.dev/warnings/react-dom-test-utils for more info.
deploy-frontend	Run Frontend Tests	2026-03-01T11:51:12.9633245Z 
deploy-frontend	Run Frontend Tests	2026-03-01T11:51:12.9633832Z     [0m [90m 23 |[39m
deploy-frontend	Run Frontend Tests	2026-03-01T11:51:12.9634991Z      [90m 24 |[39m [36mconst[39m renderWithContext [33m=[39m (component) [33m=>[39m ***
deploy-frontend	Run Frontend Tests	2026-03-01T11:51:12.9636068Z     [31m[1m>[22m[39m[90m 25 |[39m     [36mreturn[39m render(
deploy-frontend	Run Frontend Tests	2026-03-01T11:51:12.9636920Z      [90m    |[39m                  [31m[1m^[22m[39m
deploy-frontend	Run Frontend Tests	2026-03-01T11:51:12.9637781Z      [90m 26 |[39m         [33m<[39m[33mBrowserRouter[39m[33m>[39m
deploy-frontend	Run Frontend Tests	2026-03-01T11:51:12.9638761Z      [90m 27 |[39m             ***component***
deploy-frontend	Run Frontend Tests	2026-03-01T11:51:12.9639624Z      [90m 28 |[39m         [33m<[39m[33m/[39m[33mBrowserRouter[39m[33m>[39m[0m
deploy-frontend	Run Frontend Tests	2026-03-01T11:51:12.9640167Z 
deploy-frontend	Run Frontend Tests	2026-03-01T11:51:12.9640825Z       at printWarning (node_modules/react-dom/cjs/react-dom-test-utils.development.js:71:30)
deploy-frontend	Run Frontend Tests	2026-03-01T11:51:12.9642027Z       at error (node_modules/react-dom/cjs/react-dom-test-utils.development.js:45:7)
deploy-frontend	Run Frontend Tests	2026-03-01T11:51:12.9643306Z       at actWithWarning (node_modules/react-dom/cjs/react-dom-test-utils.development.js:1736:7)
deploy-frontend	Run Frontend Tests	2026-03-01T11:51:12.9644758Z       at node_modules/@testing-library/react/dist/act-compat.js:63:25
deploy-frontend	Run Frontend Tests	2026-03-01T11:51:12.9645788Z       at renderRoot (node_modules/@testing-library/react/dist/pure.js:159:26)
deploy-frontend	Run Frontend Tests	2026-03-01T11:51:12.9646539Z       at render (node_modules/@testing-library/react/dist/pure.js:246:10)
deploy-frontend	Run Frontend Tests	2026-03-01T11:51:12.9647282Z       at renderWithContext (src/tests/Vote.test.js:25:18)
deploy-frontend	Run Frontend Tests	2026-03-01T11:51:12.9648025Z       at Object.<anonymous> (src/tests/Vote.test.js:42:9)
deploy-frontend	Run Frontend Tests	2026-03-01T11:51:12.9648477Z 
deploy-frontend	Run Frontend Tests	2026-03-01T11:51:12.9648662Z     console.warn
deploy-frontend	Run Frontend Tests	2026-03-01T11:51:12.9650910Z       ΓÜá∩╕Å React Router Future Flag Warning: React Router will begin wrapping state updates in `React.startTransition` in v7. You can use the `v7_startTransition` future flag to opt-in early. For more information, see https://reactrouter.com/v6/upgrading/future#v7_starttransition.
deploy-frontend	Run Frontend Tests	2026-03-01T11:51:12.9653115Z 
deploy-frontend	Run Frontend Tests	2026-03-01T11:51:12.9653512Z     [0m [90m 23 |[39m
deploy-frontend	Run Frontend Tests	2026-03-01T11:51:12.9654889Z      [90m 24 |[39m [36mconst[39m renderWithContext [33m=[39m (component) [33m=>[39m ***
deploy-frontend	Run Frontend Tests	2026-03-01T11:51:12.9655989Z     [31m[1m>[22m[39m[90m 25 |[39m     [36mreturn[39m render(
deploy-frontend	Run Frontend Tests	2026-03-01T11:51:12.9656826Z      [90m    |[39m                  [31m[1m^[22m[39m
deploy-frontend	Run Frontend Tests	2026-03-01T11:51:12.9657656Z      [90m 26 |[39m         [33m<[39m[33mBrowserRouter[39m[33m>[39m
deploy-frontend	Run Frontend Tests	2026-03-01T11:51:12.9658503Z      [90m 27 |[39m             ***component***
deploy-frontend	Run Frontend Tests	2026-03-01T11:51:12.9659507Z      [90m 28 |[39m         [33m<[39m[33m/[39m[33mBrowserRouter[39m[33m>[39m[0m
deploy-frontend	Run Frontend Tests	2026-03-01T11:51:12.9659960Z 
deploy-frontend	Run Frontend Tests	2026-03-01T11:51:12.9660488Z       at warnOnce (node_modules/react-router/lib/deprecations.ts:9:13)
deploy-frontend	Run Frontend Tests	2026-03-01T11:51:12.9661471Z       at logDeprecation (node_modules/react-router/lib/deprecations.ts:14:3)
deploy-frontend	Run Frontend Tests	2026-03-01T11:51:12.9663854Z       at Object.logV6DeprecationWarnings [as UNSAFE_logV6DeprecationWarnings] (node_modules/react-router/lib/deprecations.ts:26:5)
deploy-frontend	Run Frontend Tests	2026-03-01T11:51:12.9665184Z       at node_modules/react-router-dom/index.tsx:816:25
deploy-frontend	Run Frontend Tests	2026-03-01T11:51:12.9666358Z       at commitHookEffectListMount (node_modules/react-dom/cjs/react-dom.development.js:23189:26)
deploy-frontend	Run Frontend Tests	2026-03-01T11:51:12.9667846Z       at commitPassiveMountOnFiber (node_modules/react-dom/cjs/react-dom.development.js:24970:11)
deploy-frontend	Run Frontend Tests	2026-03-01T11:51:12.9669432Z       at commitPassiveMountEffects_complete (node_modules/react-dom/cjs/react-dom.development.js:24930:9)
deploy-frontend	Run Frontend Tests	2026-03-01T11:51:12.9671036Z       at commitPassiveMountEffects_begin (node_modules/react-dom/cjs/react-dom.development.js:24917:7)
deploy-frontend	Run Frontend Tests	2026-03-01T11:51:12.9672563Z       at commitPassiveMountEffects (node_modules/react-dom/cjs/react-dom.development.js:24905:3)
deploy-frontend	Run Frontend Tests	2026-03-01T11:51:12.9674336Z       at flushPassiveEffectsImpl (node_modules/react-dom/cjs/react-dom.development.js:27078:3)
deploy-frontend	Run Frontend Tests	2026-03-01T11:51:12.9675749Z       at flushPassiveEffects (node_modules/react-dom/cjs/react-dom.development.js:27023:14)
deploy-frontend	Run Frontend Tests	2026-03-01T11:51:12.9676881Z       at node_modules/react-dom/cjs/react-dom.development.js:26808:9
deploy-frontend	Run Frontend Tests	2026-03-01T11:51:12.9677659Z       at flushActQueue (node_modules/react/cjs/react.development.js:2667:24)
deploy-frontend	Run Frontend Tests	2026-03-01T11:51:12.9678453Z       at act (node_modules/react/cjs/react.development.js:2582:11)
deploy-frontend	Run Frontend Tests	2026-03-01T11:51:12.9679492Z       at actWithWarning (node_modules/react-dom/cjs/react-dom-test-utils.development.js:1740:10)
deploy-frontend	Run Frontend Tests	2026-03-01T11:51:12.9680531Z       at node_modules/@testing-library/react/dist/act-compat.js:63:25
deploy-frontend	Run Frontend Tests	2026-03-01T11:51:12.9681503Z       at renderRoot (node_modules/@testing-library/react/dist/pure.js:159:26)
deploy-frontend	Run Frontend Tests	2026-03-01T11:51:12.9682419Z       at render (node_modules/@testing-library/react/dist/pure.js:246:10)
deploy-frontend	Run Frontend Tests	2026-03-01T11:51:12.9683246Z       at renderWithContext (src/tests/Vote.test.js:25:18)
deploy-frontend	Run Frontend Tests	2026-03-01T11:51:12.9684167Z       at Object.<anonymous> (src/tests/Vote.test.js:42:9)
deploy-frontend	Run Frontend Tests	2026-03-01T11:51:12.9684615Z 
deploy-frontend	Run Frontend Tests	2026-03-01T11:51:12.9684809Z     console.warn
deploy-frontend	Run Frontend Tests	2026-03-01T11:51:12.9687497Z       ΓÜá∩╕Å React Router Future Flag Warning: Relative route resolution within Splat routes is changing in v7. You can use the `v7_relativeSplatPath` future flag to opt-in early. For more information, see https://reactrouter.com/v6/upgrading/future#v7_relativesplatpath.
deploy-frontend	Run Frontend Tests	2026-03-01T11:51:12.9689417Z 
deploy-frontend	Run Frontend Tests	2026-03-01T11:51:12.9689696Z     [0m [90m 23 |[39m
deploy-frontend	Run Frontend Tests	2026-03-01T11:51:12.9690923Z      [90m 24 |[39m [36mconst[39m renderWithContext [33m=[39m (component) [33m=>[39m ***
deploy-frontend	Run Frontend Tests	2026-03-01T11:51:12.9692106Z     [31m[1m>[22m[39m[90m 25 |[39m     [36mreturn[39m render(
deploy-frontend	Run Frontend Tests	2026-03-01T11:51:12.9693048Z      [90m    |[39m                  [31m[1m^[22m[39m
deploy-frontend	Run Frontend Tests	2026-03-01T11:51:12.9694141Z      [90m 26 |[39m         [33m<[39m[33mBrowserRouter[39m[33m>[39m
deploy-frontend	Run Frontend Tests	2026-03-01T11:51:12.9695071Z      [90m 27 |[39m             ***component***
deploy-frontend	Run Frontend Tests	2026-03-01T11:51:12.9695873Z      [90m 28 |[39m         [33m<[39m[33m/[39m[33mBrowserRouter[39m[33m>[39m[0m
deploy-frontend	Run Frontend Tests	2026-03-01T11:51:12.9696401Z 
deploy-frontend	Run Frontend Tests	2026-03-01T11:51:12.9696809Z       at warnOnce (node_modules/react-router/lib/deprecations.ts:9:13)
deploy-frontend	Run Frontend Tests	2026-03-01T11:51:12.9697738Z       at logDeprecation (node_modules/react-router/lib/deprecations.ts:14:3)
deploy-frontend	Run Frontend Tests	2026-03-01T11:51:12.9699101Z       at Object.logV6DeprecationWarnings [as UNSAFE_logV6DeprecationWarnings] (node_modules/react-router/lib/deprecations.ts:37:5)
deploy-frontend	Run Frontend Tests	2026-03-01T11:51:12.9700202Z       at node_modules/react-router-dom/index.tsx:816:25
deploy-frontend	Run Frontend Tests	2026-03-01T11:51:12.9701089Z       at commitHookEffectListMount (node_modules/react-dom/cjs/react-dom.development.js:23189:26)
deploy-frontend	Run Frontend Tests	2026-03-01T11:51:12.9702269Z       at commitPassiveMountOnFiber (node_modules/react-dom/cjs/react-dom.development.js:24970:11)
deploy-frontend	Run Frontend Tests	2026-03-01T11:51:12.9703549Z       at commitPassiveMountEffects_complete (node_modules/react-dom/cjs/react-dom.development.js:24930:9)
deploy-frontend	Run Frontend Tests	2026-03-01T11:51:12.9705160Z       at commitPassiveMountEffects_begin (node_modules/react-dom/cjs/react-dom.development.js:24917:7)
deploy-frontend	Run Frontend Tests	2026-03-01T11:51:12.9707164Z       at commitPassiveMountEffects (node_modules/react-dom/cjs/react-dom.development.js:24905:3)
deploy-frontend	Run Frontend Tests	2026-03-01T11:51:12.9708456Z       at flushPassiveEffectsImpl (node_modules/react-dom/cjs/react-dom.development.js:27078:3)
deploy-frontend	Run Frontend Tests	2026-03-01T11:51:12.9709641Z       at flushPassiveEffects (node_modules/react-dom/cjs/react-dom.development.js:27023:14)
deploy-frontend	Run Frontend Tests	2026-03-01T11:51:12.9710637Z       at node_modules/react-dom/cjs/react-dom.development.js:26808:9
deploy-frontend	Run Frontend Tests	2026-03-01T11:51:12.9711549Z       at flushActQueue (node_modules/react/cjs/react.development.js:2667:24)
deploy-frontend	Run Frontend Tests	2026-03-01T11:51:12.9712471Z       at act (node_modules/react/cjs/react.development.js:2582:11)
deploy-frontend	Run Frontend Tests	2026-03-01T11:51:12.9713517Z       at actWithWarning (node_modules/react-dom/cjs/react-dom-test-utils.development.js:1740:10)
deploy-frontend	Run Frontend Tests	2026-03-01T11:51:12.9714808Z       at node_modules/@testing-library/react/dist/act-compat.js:63:25
deploy-frontend	Run Frontend Tests	2026-03-01T11:51:12.9716058Z       at renderRoot (node_modules/@testing-library/react/dist/pure.js:159:26)
deploy-frontend	Run Frontend Tests	2026-03-01T11:51:12.9717013Z       at render (node_modules/@testing-library/react/dist/pure.js:246:10)
deploy-frontend	Run Frontend Tests	2026-03-01T11:51:12.9717862Z       at renderWithContext (src/tests/Vote.test.js:25:18)
deploy-frontend	Run Frontend Tests	2026-03-01T11:51:12.9718556Z       at Object.<anonymous> (src/tests/Vote.test.js:42:9)
deploy-frontend	Run Frontend Tests	2026-03-01T11:51:12.9718956Z 
deploy-frontend	Run Frontend Tests	2026-03-01T11:51:12.9719143Z     console.error
deploy-frontend	Run Frontend Tests	2026-03-01T11:51:12.9719663Z       Failed to submit vote Error: Failed
deploy-frontend	Run Frontend Tests	2026-03-01T11:51:12.9720709Z           at Object.<anonymous> (/home/runner/work/Market-Rover/Market-Rover/investcraft/frontend/src/tests/Vote.test.js:86:38)
deploy-frontend	Run Frontend Tests	2026-03-01T11:51:12.9722513Z           at Promise.then.completed (/home/runner/work/Market-Rover/Market-Rover/investcraft/frontend/node_modules/jest-circus/build/utils.js:391:28)
deploy-frontend	Run Frontend Tests	2026-03-01T11:51:12.9723910Z           at new Promise (<anonymous>)
deploy-frontend	Run Frontend Tests	2026-03-01T11:51:12.9725127Z           at callAsyncCircusFn (/home/runner/work/Market-Rover/Market-Rover/investcraft/frontend/node_modules/jest-circus/build/utils.js:316:10)
deploy-frontend	Run Frontend Tests	2026-03-01T11:51:12.9726886Z           at _callCircusTest (/home/runner/work/Market-Rover/Market-Rover/investcraft/frontend/node_modules/jest-circus/build/run.js:218:40)
deploy-frontend	Run Frontend Tests	2026-03-01T11:51:12.9728543Z           at _runTest (/home/runner/work/Market-Rover/Market-Rover/investcraft/frontend/node_modules/jest-circus/build/run.js:155:3)
deploy-frontend	Run Frontend Tests	2026-03-01T11:51:12.9730276Z           at _runTestsForDescribeBlock (/home/runner/work/Market-Rover/Market-Rover/investcraft/frontend/node_modules/jest-circus/build/run.js:66:9)
deploy-frontend	Run Frontend Tests	2026-03-01T11:51:12.9732109Z           at _runTestsForDescribeBlock (/home/runner/work/Market-Rover/Market-Rover/investcraft/frontend/node_modules/jest-circus/build/run.js:60:9)
deploy-frontend	Run Frontend Tests	2026-03-01T11:51:12.9734058Z           at run (/home/runner/work/Market-Rover/Market-Rover/investcraft/frontend/node_modules/jest-circus/build/run.js:25:3)
deploy-frontend	Run Frontend Tests	2026-03-01T11:51:12.9736251Z           at runAndTransformResultsToJestFormat (/home/runner/work/Market-Rover/Market-Rover/investcraft/frontend/node_modules/jest-circus/build/legacy-code-todo-rewrite/jestAdapterInit.js:170:21)
deploy-frontend	Run Frontend Tests	2026-03-01T11:51:12.9738597Z           at jestAdapter (/home/runner/work/Market-Rover/Market-Rover/investcraft/frontend/node_modules/jest-circus/build/legacy-code-todo-rewrite/jestAdapter.js:82:19)
deploy-frontend	Run Frontend Tests	2026-03-01T11:51:12.9740354Z           at runTestInternal (/home/runner/work/Market-Rover/Market-Rover/investcraft/frontend/node_modules/jest-runner/build/runTest.js:389:16)
deploy-frontend	Run Frontend Tests	2026-03-01T11:51:12.9741966Z           at runTest (/home/runner/work/Market-Rover/Market-Rover/investcraft/frontend/node_modules/jest-runner/build/runTest.js:475:34)
deploy-frontend	Run Frontend Tests	2026-03-01T11:51:12.9743767Z           at Object.worker (/home/runner/work/Market-Rover/Market-Rover/investcraft/frontend/node_modules/jest-runner/build/testWorker.js:133:12)
deploy-frontend	Run Frontend Tests	2026-03-01T11:51:12.9744709Z 
deploy-frontend	Run Frontend Tests	2026-03-01T11:51:12.9745362Z     [0m [90m 52 |[39m             setVoteStatus([32m'success'[39m)[33m;[39m
deploy-frontend	Run Frontend Tests	2026-03-01T11:51:12.9746348Z      [90m 53 |[39m         *** [36mcatch[39m (err) ***
deploy-frontend	Run Frontend Tests	2026-03-01T11:51:12.9747625Z     [31m[1m>[22m[39m[90m 54 |[39m             console[33m.[39merror([32m'Failed to submit vote'[39m[33m,[39m err)[33m;[39m
deploy-frontend	Run Frontend Tests	2026-03-01T11:51:12.9749052Z      [90m    |[39m                     [31m[1m^[22m[39m
deploy-frontend	Run Frontend Tests	2026-03-01T11:51:12.9749941Z      [90m 55 |[39m             setVoteStatus([32m'error'[39m)[33m;[39m
deploy-frontend	Run Frontend Tests	2026-03-01T11:51:12.9750743Z      [90m 56 |[39m         ***
deploy-frontend	Run Frontend Tests	2026-03-01T11:51:12.9751364Z      [90m 57 |[39m     ***[33m;[39m[0m
deploy-frontend	Run Frontend Tests	2026-03-01T11:51:12.9751700Z 
deploy-frontend	Run Frontend Tests	2026-03-01T11:51:12.9752044Z       at handleVoteSubmit (src/pages/Vote.jsx:54:21)
deploy-frontend	Run Frontend Tests	2026-03-01T11:51:12.9752463Z 
deploy-frontend	Run Frontend Tests	2026-03-01T11:51:13.2018560Z PASS src/tests/Puzzle.test.js
deploy-frontend	Run Frontend Tests	2026-03-01T11:51:13.2724582Z   ΓùÅ Console
deploy-frontend	Run Frontend Tests	2026-03-01T11:51:13.2724936Z 
deploy-frontend	Run Frontend Tests	2026-03-01T11:51:13.2725130Z     console.error
deploy-frontend	Run Frontend Tests	2026-03-01T11:51:13.2726672Z       Warning: `ReactDOMTestUtils.act` is deprecated in favor of `React.act`. Import `act` from `react` instead of `react-dom/test-utils`. See https://react.dev/warnings/react-dom-test-utils for more info.
deploy-frontend	Run Frontend Tests	2026-03-01T11:51:13.2728565Z 
deploy-frontend	Run Frontend Tests	2026-03-01T11:51:13.2729202Z     [0m [90m 35 |[39m
deploy-frontend	Run Frontend Tests	2026-03-01T11:51:13.2730245Z      [90m 36 |[39m [36mconst[39m renderWithContext [33m=[39m (component) [33m=>[39m ***
deploy-frontend	Run Frontend Tests	2026-03-01T11:51:13.2731137Z     [31m[1m>[22m[39m[90m 37 |[39m     [36mreturn[39m render(
deploy-frontend	Run Frontend Tests	2026-03-01T11:51:13.2731893Z      [90m    |[39m                  [31m[1m^[22m[39m
deploy-frontend	Run Frontend Tests	2026-03-01T11:51:13.2732596Z      [90m 38 |[39m         [33m<[39m[33mBrowserRouter[39m[33m>[39m
deploy-frontend	Run Frontend Tests	2026-03-01T11:51:13.2733291Z      [90m 39 |[39m             ***component***
deploy-frontend	Run Frontend Tests	2026-03-01T11:51:13.2734315Z      [90m 40 |[39m         [33m<[39m[33m/[39m[33mBrowserRouter[39m[33m>[39m[0m
deploy-frontend	Run Frontend Tests	2026-03-01T11:51:13.2734750Z 
deploy-frontend	Run Frontend Tests	2026-03-01T11:51:13.2735210Z       at printWarning (node_modules/react-dom/cjs/react-dom-test-utils.development.js:71:30)
deploy-frontend	Run Frontend Tests	2026-03-01T11:51:13.2736145Z       at error (node_modules/react-dom/cjs/react-dom-test-utils.development.js:45:7)
deploy-frontend	Run Frontend Tests	2026-03-01T11:51:13.2737197Z       at actWithWarning (node_modules/react-dom/cjs/react-dom-test-utils.development.js:1736:7)
deploy-frontend	Run Frontend Tests	2026-03-01T11:51:13.2738227Z       at node_modules/@testing-library/react/dist/act-compat.js:63:25
deploy-frontend	Run Frontend Tests	2026-03-01T11:51:13.2739036Z       at renderRoot (node_modules/@testing-library/react/dist/pure.js:159:26)
deploy-frontend	Run Frontend Tests	2026-03-01T11:51:13.2739927Z       at render (node_modules/@testing-library/react/dist/pure.js:246:10)
deploy-frontend	Run Frontend Tests	2026-03-01T11:51:13.2740829Z       at renderWithContext (src/tests/Puzzle.test.js:37:18)
deploy-frontend	Run Frontend Tests	2026-03-01T11:51:13.2741682Z       at Object.<anonymous> (src/tests/Puzzle.test.js:63:9)
deploy-frontend	Run Frontend Tests	2026-03-01T11:51:13.2742211Z 
deploy-frontend	Run Frontend Tests	2026-03-01T11:51:13.2742442Z     console.warn
deploy-frontend	Run Frontend Tests	2026-03-01T11:51:13.2744943Z       ΓÜá∩╕Å React Router Future Flag Warning: React Router will begin wrapping state updates in `React.startTransition` in v7. You can use the `v7_startTransition` future flag to opt-in early. For more information, see https://reactrouter.com/v6/upgrading/future#v7_starttransition.
deploy-frontend	Run Frontend Tests	2026-03-01T11:51:13.2746920Z 
deploy-frontend	Run Frontend Tests	2026-03-01T11:51:13.2747305Z     [0m [90m 35 |[39m
deploy-frontend	Run Frontend Tests	2026-03-01T11:51:13.2748459Z      [90m 36 |[39m [36mconst[39m renderWithContext [33m=[39m (component) [33m=>[39m ***
deploy-frontend	Run Frontend Tests	2026-03-01T11:51:13.2749545Z     [31m[1m>[22m[39m[90m 37 |[39m     [36mreturn[39m render(
deploy-frontend	Run Frontend Tests	2026-03-01T11:51:13.2750338Z      [90m    |[39m                  [31m[1m^[22m[39m
deploy-frontend	Run Frontend Tests	2026-03-01T11:51:13.2751223Z      [90m 38 |[39m         [33m<[39m[33mBrowserRouter[39m[33m>[39m
deploy-frontend	Run Frontend Tests	2026-03-01T11:51:13.2752118Z      [90m 39 |[39m             ***component***
deploy-frontend	Run Frontend Tests	2026-03-01T11:51:13.2753042Z      [90m 40 |[39m         [33m<[39m[33m/[39m[33mBrowserRouter[39m[33m>[39m[0m
deploy-frontend	Run Frontend Tests	2026-03-01T11:51:13.2753542Z 
deploy-frontend	Run Frontend Tests	2026-03-01T11:51:13.2764971Z       at warnOnce (node_modules/react-router/lib/deprecations.ts:9:13)
deploy-frontend	Run Frontend Tests	2026-03-01T11:51:13.2766567Z       at logDeprecation (node_modules/react-router/lib/deprecations.ts:14:3)
deploy-frontend	Run Frontend Tests	2026-03-01T11:51:13.2768156Z       at Object.logV6DeprecationWarnings [as UNSAFE_logV6DeprecationWarnings] (node_modules/react-router/lib/deprecations.ts:26:5)
deploy-frontend	Run Frontend Tests	2026-03-01T11:51:13.2769577Z       at node_modules/react-router-dom/index.tsx:816:25
deploy-frontend	Run Frontend Tests	2026-03-01T11:51:13.2771550Z       at commitHookEffectListMount (node_modules/react-dom/cjs/react-dom.development.js:23189:26)
deploy-frontend	Run Frontend Tests	2026-03-01T11:51:13.2773054Z       at commitPassiveMountOnFiber (node_modules/react-dom/cjs/react-dom.development.js:24970:11)
deploy-frontend	Run Frontend Tests	2026-03-01T11:51:13.2774570Z       at commitPassiveMountEffects_complete (node_modules/react-dom/cjs/react-dom.development.js:24930:9)
deploy-frontend	Run Frontend Tests	2026-03-01T11:51:13.2775870Z       at commitPassiveMountEffects_begin (node_modules/react-dom/cjs/react-dom.development.js:24917:7)
deploy-frontend	Run Frontend Tests	2026-03-01T11:51:13.2777423Z       at commitPassiveMountEffects (node_modules/react-dom/cjs/react-dom.development.js:24905:3)
deploy-frontend	Run Frontend Tests	2026-03-01T11:51:13.2778855Z       at flushPassiveEffectsImpl (node_modules/react-dom/cjs/react-dom.development.js:27078:3)
deploy-frontend	Run Frontend Tests	2026-03-01T11:51:13.2780267Z       at flushPassiveEffects (node_modules/react-dom/cjs/react-dom.development.js:27023:14)
deploy-frontend	Run Frontend Tests	2026-03-01T11:51:13.2781800Z       at node_modules/react-dom/cjs/react-dom.development.js:26808:9
deploy-frontend	Run Frontend Tests	2026-03-01T11:51:13.2782940Z       at flushActQueue (node_modules/react/cjs/react.development.js:2667:24)
deploy-frontend	Run Frontend Tests	2026-03-01T11:51:13.2804687Z       at act (node_modules/react/cjs/react.development.js:2582:11)
deploy-frontend	Run Frontend Tests	2026-03-01T11:51:13.2806200Z       at actWithWarning (node_modules/react-dom/cjs/react-dom-test-utils.development.js:1740:10)
deploy-frontend	Run Frontend Tests	2026-03-01T11:51:13.2807438Z       at node_modules/@testing-library/react/dist/act-compat.js:63:25
deploy-frontend	Run Frontend Tests	2026-03-01T11:51:13.2808604Z       at renderRoot (node_modules/@testing-library/react/dist/pure.js:159:26)
deploy-frontend	Run Frontend Tests	2026-03-01T11:51:13.2809695Z       at render (node_modules/@testing-library/react/dist/pure.js:246:10)
deploy-frontend	Run Frontend Tests	2026-03-01T11:51:13.2810715Z       at renderWithContext (src/tests/Puzzle.test.js:37:18)
deploy-frontend	Run Frontend Tests	2026-03-01T11:51:13.2811670Z       at Object.<anonymous> (src/tests/Puzzle.test.js:63:9)
deploy-frontend	Run Frontend Tests	2026-03-01T11:51:13.2812205Z 
deploy-frontend	Run Frontend Tests	2026-03-01T11:51:13.2812463Z     console.warn
deploy-frontend	Run Frontend Tests	2026-03-01T11:51:13.2815589Z       ΓÜá∩╕Å React Router Future Flag Warning: Relative route resolution within Splat routes is changing in v7. You can use the `v7_relativeSplatPath` future flag to opt-in early. For more information, see https://reactrouter.com/v6/upgrading/future#v7_relativesplatpath.
deploy-frontend	Run Frontend Tests	2026-03-01T11:51:13.2817440Z 
deploy-frontend	Run Frontend Tests	2026-03-01T11:51:13.2817791Z     [0m [90m 35 |[39m
deploy-frontend	Run Frontend Tests	2026-03-01T11:51:13.2819311Z      [90m 36 |[39m [36mconst[39m renderWithContext [33m=[39m (component) [33m=>[39m ***
deploy-frontend	Run Frontend Tests	2026-03-01T11:51:13.2820541Z     [31m[1m>[22m[39m[90m 37 |[39m     [36mreturn[39m render(
deploy-frontend	Run Frontend Tests	2026-03-01T11:51:13.2821554Z      [90m    |[39m                  [31m[1m^[22m[39m
deploy-frontend	Run Frontend Tests	2026-03-01T11:51:13.2822538Z      [90m 38 |[39m         [33m<[39m[33mBrowserRouter[39m[33m>[39m
deploy-frontend	Run Frontend Tests	2026-03-01T11:51:13.2823709Z      [90m 39 |[39m             ***component***
deploy-frontend	Run Frontend Tests	2026-03-01T11:51:13.2824810Z      [90m 40 |[39m         [33m<[39m[33m/[39m[33mBrowserRouter[39m[33m>[39m[0m
deploy-frontend	Run Frontend Tests	2026-03-01T11:51:13.2825439Z 
deploy-frontend	Run Frontend Tests	2026-03-01T11:51:13.2825953Z       at warnOnce (node_modules/react-router/lib/deprecations.ts:9:13)
deploy-frontend	Run Frontend Tests	2026-03-01T11:51:13.2827132Z       at logDeprecation (node_modules/react-router/lib/deprecations.ts:14:3)
deploy-frontend	Run Frontend Tests	2026-03-01T11:51:13.2828809Z       at Object.logV6DeprecationWarnings [as UNSAFE_logV6DeprecationWarnings] (node_modules/react-router/lib/deprecations.ts:37:5)
deploy-frontend	Run Frontend Tests	2026-03-01T11:51:13.2830231Z       at node_modules/react-router-dom/index.tsx:816:25
deploy-frontend	Run Frontend Tests	2026-03-01T11:51:13.2831444Z       at commitHookEffectListMount (node_modules/react-dom/cjs/react-dom.development.js:23189:26)
deploy-frontend	Run Frontend Tests	2026-03-01T11:51:13.2832931Z       at commitPassiveMountOnFiber (node_modules/react-dom/cjs/react-dom.development.js:24970:11)
deploy-frontend	Run Frontend Tests	2026-03-01T11:51:13.2865302Z       at commitPassiveMountEffects_complete (node_modules/react-dom/cjs/react-dom.development.js:24930:9)
deploy-frontend	Run Frontend Tests	2026-03-01T11:51:13.2867118Z       at commitPassiveMountEffects_begin (node_modules/react-dom/cjs/react-dom.development.js:24917:7)
deploy-frontend	Run Frontend Tests	2026-03-01T11:51:13.2868635Z       at commitPassiveMountEffects (node_modules/react-dom/cjs/react-dom.development.js:24905:3)
deploy-frontend	Run Frontend Tests	2026-03-01T11:51:13.2870257Z       at flushPassiveEffectsImpl (node_modules/react-dom/cjs/react-dom.development.js:27078:3)
deploy-frontend	Run Frontend Tests	2026-03-01T11:51:13.2872363Z       at flushPassiveEffects (node_modules/react-dom/cjs/react-dom.development.js:27023:14)
deploy-frontend	Run Frontend Tests	2026-03-01T11:51:13.2873775Z       at node_modules/react-dom/cjs/react-dom.development.js:26808:9
deploy-frontend	Run Frontend Tests	2026-03-01T11:51:13.2874960Z       at flushActQueue (node_modules/react/cjs/react.development.js:2667:24)
deploy-frontend	Run Frontend Tests	2026-03-01T11:51:13.2876049Z       at act (node_modules/react/cjs/react.development.js:2582:11)
deploy-frontend	Run Frontend Tests	2026-03-01T11:51:13.2877459Z       at actWithWarning (node_modules/react-dom/cjs/react-dom-test-utils.development.js:1740:10)
deploy-frontend	Run Frontend Tests	2026-03-01T11:51:13.2878902Z       at node_modules/@testing-library/react/dist/act-compat.js:63:25
deploy-frontend	Run Frontend Tests	2026-03-01T11:51:13.2880055Z       at renderRoot (node_modules/@testing-library/react/dist/pure.js:159:26)
deploy-frontend	Run Frontend Tests	2026-03-01T11:51:13.2881282Z       at render (node_modules/@testing-library/react/dist/pure.js:246:10)
deploy-frontend	Run Frontend Tests	2026-03-01T11:51:13.2882746Z       at renderWithContext (src/tests/Puzzle.test.js:37:18)
deploy-frontend	Run Frontend Tests	2026-03-01T11:51:13.2884007Z       at Object.<anonymous> (src/tests/Puzzle.test.js:63:9)
deploy-frontend	Run Frontend Tests	2026-03-01T11:51:13.2884713Z 
deploy-frontend	Run Frontend Tests	2026-03-01T11:51:13.2884980Z     console.error
deploy-frontend	Run Frontend Tests	2026-03-01T11:51:13.2885958Z       Warning: An update to PuzzleGame inside a test was not wrapped in act(...).
deploy-frontend	Run Frontend Tests	2026-03-01T11:51:13.2886919Z       
deploy-frontend	Run Frontend Tests	2026-03-01T11:51:13.2887905Z       When testing, code that causes React state updates should be wrapped into act(...):
deploy-frontend	Run Frontend Tests	2026-03-01T11:51:13.2888875Z       
deploy-frontend	Run Frontend Tests	2026-03-01T11:51:13.2889612Z       act(() => ***
deploy-frontend	Run Frontend Tests	2026-03-01T11:51:13.2890334Z         /* fire events that update state */
deploy-frontend	Run Frontend Tests	2026-03-01T11:51:13.2891089Z       ***);
deploy-frontend	Run Frontend Tests	2026-03-01T11:51:13.2891720Z       /* assert on the output */
deploy-frontend	Run Frontend Tests	2026-03-01T11:51:13.2892395Z       
deploy-frontend	Run Frontend Tests	2026-03-01T11:51:13.2915267Z       This ensures that you're testing the behavior the user would see in the browser. Learn more at https://reactjs.org/link/wrap-tests-with-act
deploy-frontend	Run Frontend Tests	2026-03-01T11:51:13.2917826Z           at PuzzleGame (/home/runner/work/Market-Rover/Market-Rover/investcraft/frontend/src/pages/Puzzle.jsx:12:31)
deploy-frontend	Run Frontend Tests	2026-03-01T11:51:13.2919704Z           at Router (/home/runner/work/Market-Rover/Market-Rover/investcraft/frontend/node_modules/react-router/lib/components.tsx:421:13)
deploy-frontend	Run Frontend Tests	2026-03-01T11:51:13.2921766Z           at BrowserRouter (/home/runner/work/Market-Rover/Market-Rover/investcraft/frontend/node_modules/react-router-dom/index.tsx:789:3)
deploy-frontend	Run Frontend Tests	2026-03-01T11:51:13.2923051Z 
deploy-frontend	Run Frontend Tests	2026-03-01T11:51:13.2928297Z     [0m [90m 93 |[39m       [36mif[39m (data) ***
deploy-frontend	Run Frontend Tests	2026-03-01T11:51:13.2930811Z      [90m 94 |[39m         matchedBrand [33m=[39m [33mNIFTY50_BRANDS[39m[33m.[39mfind(b [33m=>[39m b[33m.[39mticker [33m===[39m data[33m.[39mticker)[33m;[39m
deploy-frontend	Run Frontend Tests	2026-03-01T11:51:13.2932822Z     [31m[1m>[22m[39m[90m 95 |[39m         setDbPuzzleId(data[33m.[39mid)[33m;[39m
deploy-frontend	Run Frontend Tests	2026-03-01T11:51:13.2933921Z      [90m    |[39m         [31m[1m^[22m[39m
deploy-frontend	Run Frontend Tests	2026-03-01T11:51:13.2934599Z      [90m 96 |[39m       ***
deploy-frontend	Run Frontend Tests	2026-03-01T11:51:13.2941285Z      [90m 97 |[39m       [36mif[39m (matchedBrand) ***
deploy-frontend	Run Frontend Tests	2026-03-01T11:51:13.2942739Z      [90m 98 |[39m         setCurrentBrand(matchedBrand)[33m;[39m[0m
deploy-frontend	Run Frontend Tests	2026-03-01T11:51:13.2943380Z 
deploy-frontend	Run Frontend Tests	2026-03-01T11:51:13.2944124Z       at printWarning (node_modules/react-dom/cjs/react-dom.development.js:86:30)
deploy-frontend	Run Frontend Tests	2026-03-01T11:51:13.2945433Z       at error (node_modules/react-dom/cjs/react-dom.development.js:60:7)
deploy-frontend	Run Frontend Tests	2026-03-01T11:51:13.2946781Z       at warnIfUpdatesNotWrappedWithActDEV (node_modules/react-dom/cjs/react-dom.development.js:27628:9)
deploy-frontend	Run Frontend Tests	2026-03-01T11:51:13.2948225Z       at scheduleUpdateOnFiber (node_modules/react-dom/cjs/react-dom.development.js:25547:5)
deploy-frontend	Run Frontend Tests	2026-03-01T11:51:13.2949703Z       at setDbPuzzleId (node_modules/react-dom/cjs/react-dom.development.js:16708:7)
deploy-frontend	Run Frontend Tests	2026-03-01T11:51:13.2950846Z       at fetchDailyPuzzle (src/pages/Puzzle.jsx:95:9)
deploy-frontend	Run Frontend Tests	2026-03-01T11:51:13.2951366Z 
deploy-frontend	Run Frontend Tests	2026-03-01T11:51:13.2951603Z     console.error
deploy-frontend	Run Frontend Tests	2026-03-01T11:51:13.2952517Z       Warning: An update to PuzzleGame inside a test was not wrapped in act(...).
deploy-frontend	Run Frontend Tests	2026-03-01T11:51:13.2953433Z       
deploy-frontend	Run Frontend Tests	2026-03-01T11:51:13.2955159Z       When testing, code that causes React state updates should be wrapped into act(...):
deploy-frontend	Run Frontend Tests	2026-03-01T11:51:13.2956180Z       
deploy-frontend	Run Frontend Tests	2026-03-01T11:51:13.2956785Z       act(() => ***
deploy-frontend	Run Frontend Tests	2026-03-01T11:51:13.2957506Z         /* fire events that update state */
deploy-frontend	Run Frontend Tests	2026-03-01T11:51:13.2958319Z       ***);
deploy-frontend	Run Frontend Tests	2026-03-01T11:51:13.2958914Z       /* assert on the output */
deploy-frontend	Run Frontend Tests	2026-03-01T11:51:13.2959528Z       
deploy-frontend	Run Frontend Tests	2026-03-01T11:51:13.2960884Z       This ensures that you're testing the behavior the user would see in the browser. Learn more at https://reactjs.org/link/wrap-tests-with-act
deploy-frontend	Run Frontend Tests	2026-03-01T11:51:13.2962882Z           at PuzzleGame (/home/runner/work/Market-Rover/Market-Rover/investcraft/frontend/src/pages/Puzzle.jsx:12:31)
deploy-frontend	Run Frontend Tests	2026-03-01T11:51:13.2964824Z           at Router (/home/runner/work/Market-Rover/Market-Rover/investcraft/frontend/node_modules/react-router/lib/components.tsx:421:13)
deploy-frontend	Run Frontend Tests	2026-03-01T11:51:13.2967010Z           at BrowserRouter (/home/runner/work/Market-Rover/Market-Rover/investcraft/frontend/node_modules/react-router-dom/index.tsx:789:3)
deploy-frontend	Run Frontend Tests	2026-03-01T11:51:13.2967821Z 
deploy-frontend	Run Frontend Tests	2026-03-01T11:51:13.2968899Z     [0m [90m  96 |[39m       ***
deploy-frontend	Run Frontend Tests	2026-03-01T11:51:13.2969647Z      [90m  97 |[39m       [36mif[39m (matchedBrand) ***
deploy-frontend	Run Frontend Tests	2026-03-01T11:51:13.2970449Z     [31m[1m>[22m[39m[90m  98 |[39m         setCurrentBrand(matchedBrand)[33m;[39m
deploy-frontend	Run Frontend Tests	2026-03-01T11:51:13.2971235Z      [90m     |[39m         [31m[1m^[22m[39m
deploy-frontend	Run Frontend Tests	2026-03-01T11:51:13.2971923Z      [90m  99 |[39m       *** [36melse[39m ***
deploy-frontend	Run Frontend Tests	2026-03-01T11:51:13.2973762Z      [90m 100 |[39m         [36mconst[39m todayIndex [33m=[39m [33mMath[39m[33m.[39mfloor([33mDate[39m[33m.[39mnow() [33m/[39m [35m86400000[39m) [33m%[39m [33mNIFTY50_BRANDS[39m[33m.[39mlength[33m;[39m
deploy-frontend	Run Frontend Tests	2026-03-01T11:51:13.2975651Z      [90m 101 |[39m         setCurrentBrand([33mNIFTY50_BRANDS[39m[todayIndex])[33m;[39m[0m
deploy-frontend	Run Frontend Tests	2026-03-01T11:51:13.2976296Z 
deploy-frontend	Run Frontend Tests	2026-03-01T11:51:13.2976731Z       at printWarning (node_modules/react-dom/cjs/react-dom.development.js:86:30)
deploy-frontend	Run Frontend Tests	2026-03-01T11:51:13.2977621Z       at error (node_modules/react-dom/cjs/react-dom.development.js:60:7)
deploy-frontend	Run Frontend Tests	2026-03-01T11:51:13.2978652Z       at warnIfUpdatesNotWrappedWithActDEV (node_modules/react-dom/cjs/react-dom.development.js:27628:9)
deploy-frontend	Run Frontend Tests	2026-03-01T11:51:13.2979783Z       at scheduleUpdateOnFiber (node_modules/react-dom/cjs/react-dom.development.js:25547:5)
deploy-frontend	Run Frontend Tests	2026-03-01T11:51:13.2980898Z       at setCurrentBrand (node_modules/react-dom/cjs/react-dom.development.js:16708:7)
deploy-frontend	Run Frontend Tests	2026-03-01T11:51:13.2981717Z       at fetchDailyPuzzle (src/pages/Puzzle.jsx:98:9)
deploy-frontend	Run Frontend Tests	2026-03-01T11:51:13.2982090Z 
deploy-frontend	Run Frontend Tests	2026-03-01T11:51:13.2982282Z     console.error
deploy-frontend	Run Frontend Tests	2026-03-01T11:51:13.2982918Z       Warning: An update to PuzzleGame inside a test was not wrapped in act(...).
deploy-frontend	Run Frontend Tests	2026-03-01T11:51:13.2983487Z       
deploy-frontend	Run Frontend Tests	2026-03-01T11:51:13.2984280Z       When testing, code that causes React state updates should be wrapped into act(...):
deploy-frontend	Run Frontend Tests	2026-03-01T11:51:13.2984975Z       
deploy-frontend	Run Frontend Tests	2026-03-01T11:51:13.2985535Z       act(() => ***
deploy-frontend	Run Frontend Tests	2026-03-01T11:51:13.2986038Z         /* fire events that update state */
deploy-frontend	Run Frontend Tests	2026-03-01T11:51:13.2986574Z       ***);
deploy-frontend	Run Frontend Tests	2026-03-01T11:51:13.2987014Z       /* assert on the output */
deploy-frontend	Run Frontend Tests	2026-03-01T11:51:13.2987491Z       
deploy-frontend	Run Frontend Tests	2026-03-01T11:51:13.2988468Z       This ensures that you're testing the behavior the user would see in the browser. Learn more at https://reactjs.org/link/wrap-tests-with-act
deploy-frontend	Run Frontend Tests	2026-03-01T11:51:13.2989764Z           at PuzzleGame (/home/runner/work/Market-Rover/Market-Rover/investcraft/frontend/src/pages/Puzzle.jsx:12:31)
deploy-frontend	Run Frontend Tests	2026-03-01T11:51:13.2991170Z           at Router (/home/runner/work/Market-Rover/Market-Rover/investcraft/frontend/node_modules/react-router/lib/components.tsx:421:13)
deploy-frontend	Run Frontend Tests	2026-03-01T11:51:13.2992664Z           at BrowserRouter (/home/runner/work/Market-Rover/Market-Rover/investcraft/frontend/node_modules/react-router-dom/index.tsx:789:3)
deploy-frontend	Run Frontend Tests	2026-03-01T11:51:13.2993447Z 
deploy-frontend	Run Frontend Tests	2026-03-01T11:51:13.2994009Z     [0m [90m 104 |[39m
deploy-frontend	Run Frontend Tests	2026-03-01T11:51:13.2994626Z      [90m 105 |[39m       [36mif[39m (user) ***
deploy-frontend	Run Frontend Tests	2026-03-01T11:51:13.2995967Z     [31m[1m>[22m[39m[90m 106 |[39m         setStreak(user[33m.[39mstreak [33m||[39m [35m0[39m)[33m;[39m
deploy-frontend	Run Frontend Tests	2026-03-01T11:51:13.2996944Z      [90m     |[39m         [31m[1m^[22m[39m
deploy-frontend	Run Frontend Tests	2026-03-01T11:51:13.2997906Z      [90m 107 |[39m         setScore(user[33m.[39mscore [33m||[39m [35m0[39m)[33m;[39m
deploy-frontend	Run Frontend Tests	2026-03-01T11:51:13.2999149Z      [90m 108 |[39m         setBestScore(user[33m.[39mbestScore [33m||[39m [35m0[39m)[33m;[39m
deploy-frontend	Run Frontend Tests	2026-03-01T11:51:13.3000363Z      [90m 109 |[39m         [36mif[39m (data [33m&&[39m data[33m.[39mid) ***[0m
deploy-frontend	Run Frontend Tests	2026-03-01T11:51:13.3000813Z 
deploy-frontend	Run Frontend Tests	2026-03-01T11:51:13.3001233Z       at printWarning (node_modules/react-dom/cjs/react-dom.development.js:86:30)
deploy-frontend	Run Frontend Tests	2026-03-01T11:51:13.3002119Z       at error (node_modules/react-dom/cjs/react-dom.development.js:60:7)
deploy-frontend	Run Frontend Tests	2026-03-01T11:51:13.3003164Z       at warnIfUpdatesNotWrappedWithActDEV (node_modules/react-dom/cjs/react-dom.development.js:27628:9)
deploy-frontend	Run Frontend Tests	2026-03-01T11:51:13.3005141Z       at scheduleUpdateOnFiber (node_modules/react-dom/cjs/react-dom.development.js:25547:5)
deploy-frontend	Run Frontend Tests	2026-03-01T11:51:13.3006344Z       at setStreak (node_modules/react-dom/cjs/react-dom.development.js:16708:7)
deploy-frontend	Run Frontend Tests	2026-03-01T11:51:13.3007275Z       at fetchDailyPuzzle (src/pages/Puzzle.jsx:106:9)
deploy-frontend	Run Frontend Tests	2026-03-01T11:51:13.3007687Z 
deploy-frontend	Run Frontend Tests	2026-03-01T11:51:13.3007864Z     console.error
deploy-frontend	Run Frontend Tests	2026-03-01T11:51:13.3008510Z       Warning: An update to PuzzleGame inside a test was not wrapped in act(...).
deploy-frontend	Run Frontend Tests	2026-03-01T11:51:13.3009168Z       
deploy-frontend	Run Frontend Tests	2026-03-01T11:51:13.3009849Z       When testing, code that causes React state updates should be wrapped into act(...):
deploy-frontend	Run Frontend Tests	2026-03-01T11:51:13.3010321Z       
deploy-frontend	Run Frontend Tests	2026-03-01T11:51:13.3010609Z       act(() => ***
deploy-frontend	Run Frontend Tests	2026-03-01T11:51:13.3010930Z         /* fire events that update state */
deploy-frontend	Run Frontend Tests	2026-03-01T11:51:13.3011269Z       ***);
deploy-frontend	Run Frontend Tests	2026-03-01T11:51:13.3011567Z       /* assert on the output */
deploy-frontend	Run Frontend Tests	2026-03-01T11:51:13.3011893Z       
deploy-frontend	Run Frontend Tests	2026-03-01T11:51:13.3012527Z       This ensures that you're testing the behavior the user would see in the browser. Learn more at https://reactjs.org/link/wrap-tests-with-act
deploy-frontend	Run Frontend Tests	2026-03-01T11:51:13.3013465Z           at PuzzleGame (/home/runner/work/Market-Rover/Market-Rover/investcraft/frontend/src/pages/Puzzle.jsx:12:31)
deploy-frontend	Run Frontend Tests	2026-03-01T11:51:13.3014655Z           at Router (/home/runner/work/Market-Rover/Market-Rover/investcraft/frontend/node_modules/react-router/lib/components.tsx:421:13)
deploy-frontend	Run Frontend Tests	2026-03-01T11:51:13.3015654Z           at BrowserRouter (/home/runner/work/Market-Rover/Market-Rover/investcraft/frontend/node_modules/react-router-dom/index.tsx:789:3)
deploy-frontend	Run Frontend Tests	2026-03-01T11:51:13.3016171Z 
deploy-frontend	Run Frontend Tests	2026-03-01T11:51:13.3016484Z     [0m [90m 105 |[39m       [36mif[39m (user) ***
deploy-frontend	Run Frontend Tests	2026-03-01T11:51:13.3017104Z      [90m 106 |[39m         setStreak(user[33m.[39mstreak [33m||[39m [35m0[39m)[33m;[39m
deploy-frontend	Run Frontend Tests	2026-03-01T11:51:13.3017838Z     [31m[1m>[22m[39m[90m 107 |[39m         setScore(user[33m.[39mscore [33m||[39m [35m0[39m)[33m;[39m
deploy-frontend	Run Frontend Tests	2026-03-01T11:51:13.3018414Z      [90m     |[39m         [31m[1m^[22m[39m
deploy-frontend	Run Frontend Tests	2026-03-01T11:51:13.3019025Z      [90m 108 |[39m         setBestScore(user[33m.[39mbestScore [33m||[39m [35m0[39m)[33m;[39m
deploy-frontend	Run Frontend Tests	2026-03-01T11:51:13.3019690Z      [90m 109 |[39m         [36mif[39m (data [33m&&[39m data[33m.[39mid) ***
deploy-frontend	Run Frontend Tests	2026-03-01T11:51:13.3020191Z      [90m 110 |[39m           [36mtry[39m ***[0m
deploy-frontend	Run Frontend Tests	2026-03-01T11:51:13.3020417Z 
deploy-frontend	Run Frontend Tests	2026-03-01T11:51:13.3020701Z       at printWarning (node_modules/react-dom/cjs/react-dom.development.js:86:30)
deploy-frontend	Run Frontend Tests	2026-03-01T11:51:13.3021283Z       at error (node_modules/react-dom/cjs/react-dom.development.js:60:7)
deploy-frontend	Run Frontend Tests	2026-03-01T11:51:13.3021948Z       at warnIfUpdatesNotWrappedWithActDEV (node_modules/react-dom/cjs/react-dom.development.js:27628:9)
deploy-frontend	Run Frontend Tests	2026-03-01T11:51:13.3022665Z       at scheduleUpdateOnFiber (node_modules/react-dom/cjs/react-dom.development.js:25547:5)
deploy-frontend	Run Frontend Tests	2026-03-01T11:51:13.3023284Z       at setScore (node_modules/react-dom/cjs/react-dom.development.js:16708:7)
deploy-frontend	Run Frontend Tests	2026-03-01T11:51:13.3023940Z       at fetchDailyPuzzle (src/pages/Puzzle.jsx:107:9)
deploy-frontend	Run Frontend Tests	2026-03-01T11:51:13.3024695Z 
deploy-frontend	Run Frontend Tests	2026-03-01T11:51:13.3024820Z     console.error
deploy-frontend	Run Frontend Tests	2026-03-01T11:51:13.3025264Z       Warning: An update to PuzzleGame inside a test was not wrapped in act(...).
deploy-frontend	Run Frontend Tests	2026-03-01T11:51:13.3025689Z       
deploy-frontend	Run Frontend Tests	2026-03-01T11:51:13.3026134Z       When testing, code that causes React state updates should be wrapped into act(...):
deploy-frontend	Run Frontend Tests	2026-03-01T11:51:13.3026638Z       
deploy-frontend	Run Frontend Tests	2026-03-01T11:51:13.3026902Z       act(() => ***
deploy-frontend	Run Frontend Tests	2026-03-01T11:51:13.3027222Z         /* fire events that update state */
deploy-frontend	Run Frontend Tests	2026-03-01T11:51:13.3027557Z       ***);
deploy-frontend	Run Frontend Tests	2026-03-01T11:51:13.3027859Z       /* assert on the output */
deploy-frontend	Run Frontend Tests	2026-03-01T11:51:13.3028153Z       
deploy-frontend	Run Frontend Tests	2026-03-01T11:51:13.3028767Z       This ensures that you're testing the behavior the user would see in the browser. Learn more at https://reactjs.org/link/wrap-tests-with-act
deploy-frontend	Run Frontend Tests	2026-03-01T11:51:13.3029680Z           at PuzzleGame (/home/runner/work/Market-Rover/Market-Rover/investcraft/frontend/src/pages/Puzzle.jsx:12:31)
deploy-frontend	Run Frontend Tests	2026-03-01T11:51:13.3030696Z           at Router (/home/runner/work/Market-Rover/Market-Rover/investcraft/frontend/node_modules/react-router/lib/components.tsx:421:13)
deploy-frontend	Run Frontend Tests	2026-03-01T11:51:13.3031668Z           at BrowserRouter (/home/runner/work/Market-Rover/Market-Rover/investcraft/frontend/node_modules/react-router-dom/index.tsx:789:3)
deploy-frontend	Run Frontend Tests	2026-03-01T11:51:13.3032176Z 
deploy-frontend	Run Frontend Tests	2026-03-01T11:51:13.3032599Z     [0m [90m 106 |[39m         setStreak(user[33m.[39mstreak [33m||[39m [35m0[39m)[33m;[39m
deploy-frontend	Run Frontend Tests	2026-03-01T11:51:13.3033296Z      [90m 107 |[39m         setScore(user[33m.[39mscore [33m||[39m [35m0[39m)[33m;[39m
deploy-frontend	Run Frontend Tests	2026-03-01T11:51:13.3034269Z     [31m[1m>[22m[39m[90m 108 |[39m         setBestScore(user[33m.[39mbestScore [33m||[39m [35m0[39m)[33m;[39m
deploy-frontend	Run Frontend Tests	2026-03-01T11:51:13.3034903Z      [90m     |[39m         [31m[1m^[22m[39m
deploy-frontend	Run Frontend Tests	2026-03-01T11:51:13.3035428Z      [90m 109 |[39m         [36mif[39m (data [33m&&[39m data[33m.[39mid) ***
deploy-frontend	Run Frontend Tests	2026-03-01T11:51:13.3035930Z      [90m 110 |[39m           [36mtry[39m ***
deploy-frontend	Run Frontend Tests	2026-03-01T11:51:13.3036736Z      [90m 111 |[39m             [36mconst[39m sessions [33m=[39m [36mawait[39m axios[33m.[39m[36mget[39m([32m'/api/users/me/sessions'[39m)[33m;[39m[0m
deploy-frontend	Run Frontend Tests	2026-03-01T11:51:13.3037284Z 
deploy-frontend	Run Frontend Tests	2026-03-01T11:51:13.3037609Z       at printWarning (node_modules/react-dom/cjs/react-dom.development.js:86:30)
deploy-frontend	Run Frontend Tests	2026-03-01T11:51:13.3038195Z       at error (node_modules/react-dom/cjs/react-dom.development.js:60:7)
deploy-frontend	Run Frontend Tests	2026-03-01T11:51:13.3038856Z       at warnIfUpdatesNotWrappedWithActDEV (node_modules/react-dom/cjs/react-dom.development.js:27628:9)
deploy-frontend	Run Frontend Tests	2026-03-01T11:51:13.3039578Z       at scheduleUpdateOnFiber (node_modules/react-dom/cjs/react-dom.development.js:25547:5)
deploy-frontend	Run Frontend Tests	2026-03-01T11:51:13.3040211Z       at setBestScore (node_modules/react-dom/cjs/react-dom.development.js:16708:7)
deploy-frontend	Run Frontend Tests	2026-03-01T11:51:13.3040737Z       at fetchDailyPuzzle (src/pages/Puzzle.jsx:108:9)
deploy-frontend	Run Frontend Tests	2026-03-01T11:51:13.3040982Z 
deploy-frontend	Run Frontend Tests	2026-03-01T11:51:13.3041102Z     console.error
deploy-frontend	Run Frontend Tests	2026-03-01T11:51:13.3041520Z       Warning: An update to PuzzleGame inside a test was not wrapped in act(...).
deploy-frontend	Run Frontend Tests	2026-03-01T11:51:13.3041936Z       
deploy-frontend	Run Frontend Tests	2026-03-01T11:51:13.3042369Z       When testing, code that causes React state updates should be wrapped into act(...):
deploy-frontend	Run Frontend Tests	2026-03-01T11:51:13.3042813Z       
deploy-frontend	Run Frontend Tests	2026-03-01T11:51:13.3043063Z       act(() => ***
deploy-frontend	Run Frontend Tests	2026-03-01T11:51:13.3043377Z         /* fire events that update state */
deploy-frontend	Run Frontend Tests	2026-03-01T11:51:13.3043885Z       ***);
deploy-frontend	Run Frontend Tests	2026-03-01T11:51:13.3044187Z       /* assert on the output */
deploy-frontend	Run Frontend Tests	2026-03-01T11:51:13.3044489Z       
deploy-frontend	Run Frontend Tests	2026-03-01T11:51:13.3045106Z       This ensures that you're testing the behavior the user would see in the browser. Learn more at https://reactjs.org/link/wrap-tests-with-act
deploy-frontend	Run Frontend Tests	2026-03-01T11:51:13.3046018Z           at PuzzleGame (/home/runner/work/Market-Rover/Market-Rover/investcraft/frontend/src/pages/Puzzle.jsx:12:31)
deploy-frontend	Run Frontend Tests	2026-03-01T11:51:13.3046931Z           at Router (/home/runner/work/Market-Rover/Market-Rover/investcraft/frontend/node_modules/react-router/lib/components.tsx:421:13)
deploy-frontend	Run Frontend Tests	2026-03-01T11:51:13.3047927Z           at BrowserRouter (/home/runner/work/Market-Rover/Market-Rover/investcraft/frontend/node_modules/react-router-dom/index.tsx:789:3)
deploy-frontend	Run Frontend Tests	2026-03-01T11:51:13.3048649Z 
deploy-frontend	Run Frontend Tests	2026-03-01T11:51:13.3049264Z     [0m [90m 111 |[39m             [36mconst[39m sessions [33m=[39m [36mawait[39m axios[33m.[39m[36mget[39m([32m'/api/users/me/sessions'[39m)[33m;[39m
deploy-frontend	Run Frontend Tests	2026-03-01T11:51:13.3050546Z      [90m 112 |[39m             [36mconst[39m done [33m=[39m sessions[33m.[39mdata[33m.[39msome(s [33m=>[39m s[33m.[39mpuzzle_id [33m===[39m data[33m.[39mid [33m&&[39m s[33m.[39mcompleted)[33m;[39m
deploy-frontend	Run Frontend Tests	2026-03-01T11:51:13.3051509Z     [31m[1m>[22m[39m[90m 113 |[39m             setCompletedToday(done)[33m;[39m
deploy-frontend	Run Frontend Tests	2026-03-01T11:51:13.3052042Z      [90m     |[39m             [31m[1m^[22m[39m
deploy-frontend	Run Frontend Tests	2026-03-01T11:51:13.3052566Z      [90m 114 |[39m           *** [36mcatch[39m (e) ***
deploy-frontend	Run Frontend Tests	2026-03-01T11:51:13.3053243Z      [90m 115 |[39m             console[33m.[39merror([32m'Failed to check session status'[39m[33m,[39m e)[33m;[39m
deploy-frontend	Run Frontend Tests	2026-03-01T11:51:13.3054069Z      [90m 116 |[39m           ***[0m
deploy-frontend	Run Frontend Tests	2026-03-01T11:51:13.3054277Z 
deploy-frontend	Run Frontend Tests	2026-03-01T11:51:13.3054573Z       at printWarning (node_modules/react-dom/cjs/react-dom.development.js:86:30)
deploy-frontend	Run Frontend Tests	2026-03-01T11:51:13.3055154Z       at error (node_modules/react-dom/cjs/react-dom.development.js:60:7)
deploy-frontend	Run Frontend Tests	2026-03-01T11:51:13.3055824Z       at warnIfUpdatesNotWrappedWithActDEV (node_modules/react-dom/cjs/react-dom.development.js:27628:9)
deploy-frontend	Run Frontend Tests	2026-03-01T11:51:13.3056674Z       at scheduleUpdateOnFiber (node_modules/react-dom/cjs/react-dom.development.js:25547:5)
deploy-frontend	Run Frontend Tests	2026-03-01T11:51:13.3057414Z       at setCompletedToday (node_modules/react-dom/cjs/react-dom.development.js:16708:7)
deploy-frontend	Run Frontend Tests	2026-03-01T11:51:13.3057950Z       at fetchDailyPuzzle (src/pages/Puzzle.jsx:113:13)
deploy-frontend	Run Frontend Tests	2026-03-01T11:51:13.3058196Z 
deploy-frontend	Run Frontend Tests	2026-03-01T11:51:13.3058309Z     console.error
deploy-frontend	Run Frontend Tests	2026-03-01T11:51:13.3058728Z       Warning: An update to PuzzleGame inside a test was not wrapped in act(...).
deploy-frontend	Run Frontend Tests	2026-03-01T11:51:13.3059143Z       
deploy-frontend	Run Frontend Tests	2026-03-01T11:51:13.3059571Z       When testing, code that causes React state updates should be wrapped into act(...):
deploy-frontend	Run Frontend Tests	2026-03-01T11:51:13.3060012Z       
deploy-frontend	Run Frontend Tests	2026-03-01T11:51:13.3060257Z       act(() => ***
deploy-frontend	Run Frontend Tests	2026-03-01T11:51:13.3060566Z         /* fire events that update state */
deploy-frontend	Run Frontend Tests	2026-03-01T11:51:13.3060901Z       ***);
deploy-frontend	Run Frontend Tests	2026-03-01T11:51:13.3061181Z       /* assert on the output */
deploy-frontend	Run Frontend Tests	2026-03-01T11:51:13.3061470Z       
deploy-frontend	Run Frontend Tests	2026-03-01T11:51:13.3062073Z       This ensures that you're testing the behavior the user would see in the browser. Learn more at https://reactjs.org/link/wrap-tests-with-act
deploy-frontend	Run Frontend Tests	2026-03-01T11:51:13.3062979Z           at PuzzleGame (/home/runner/work/Market-Rover/Market-Rover/investcraft/frontend/src/pages/Puzzle.jsx:12:31)
deploy-frontend	Run Frontend Tests	2026-03-01T11:51:13.3064060Z           at Router (/home/runner/work/Market-Rover/Market-Rover/investcraft/frontend/node_modules/react-router/lib/components.tsx:421:13)
deploy-frontend	Run Frontend Tests	2026-03-01T11:51:13.3065052Z           at BrowserRouter (/home/runner/work/Market-Rover/Market-Rover/investcraft/frontend/node_modules/react-router-dom/index.tsx:789:3)
deploy-frontend	Run Frontend Tests	2026-03-01T11:51:13.3065570Z 
deploy-frontend	Run Frontend Tests	2026-03-01T11:51:13.3065784Z     [0m [90m 117 |[39m         ***
deploy-frontend	Run Frontend Tests	2026-03-01T11:51:13.3066167Z      [90m 118 |[39m       ***
deploy-frontend	Run Frontend Tests	2026-03-01T11:51:13.3066669Z     [31m[1m>[22m[39m[90m 119 |[39m       setGameState([32m'menu'[39m)[33m;[39m
deploy-frontend	Run Frontend Tests	2026-03-01T11:51:13.3067170Z      [90m     |[39m       [31m[1m^[22m[39m
deploy-frontend	Run Frontend Tests	2026-03-01T11:51:13.3067650Z      [90m 120 |[39m     *** [36mcatch[39m (err) ***
deploy-frontend	Run Frontend Tests	2026-03-01T11:51:13.3068324Z      [90m 121 |[39m       console[33m.[39merror([32m'Failed to fetch daily puzzle'[39m[33m,[39m err)[33m;[39m
deploy-frontend	Run Frontend Tests	2026-03-01T11:51:13.3069525Z      [90m 122 |[39m       [36mconst[39m todayIndex [33m=[39m [33mMath[39m[33m.[39mfloor([33mDate[39m[33m.[39mnow() [33m/[39m [35m86400000[39m) [33m%[39m [33mNIFTY50_BRANDS[39m[33m.[39mlength[33m;[39m[0m
deploy-frontend	Run Frontend Tests	2026-03-01T11:51:13.3070204Z 
deploy-frontend	Run Frontend Tests	2026-03-01T11:51:13.3070510Z       at printWarning (node_modules/react-dom/cjs/react-dom.development.js:86:30)
deploy-frontend	Run Frontend Tests	2026-03-01T11:51:13.3071243Z       at error (node_modules/react-dom/cjs/react-dom.development.js:60:7)
deploy-frontend	Run Frontend Tests	2026-03-01T11:51:13.3071924Z       at warnIfUpdatesNotWrappedWithActDEV (node_modules/react-dom/cjs/react-dom.development.js:27628:9)
deploy-frontend	Run Frontend Tests	2026-03-01T11:51:13.3072661Z       at scheduleUpdateOnFiber (node_modules/react-dom/cjs/react-dom.development.js:25547:5)
deploy-frontend	Run Frontend Tests	2026-03-01T11:51:13.3073325Z       at setGameState (node_modules/react-dom/cjs/react-dom.development.js:16708:7)
deploy-frontend	Run Frontend Tests	2026-03-01T11:51:13.3074035Z       at fetchDailyPuzzle (src/pages/Puzzle.jsx:119:7)
deploy-frontend	Run Frontend Tests	2026-03-01T11:51:13.3074282Z 
deploy-frontend	Run Frontend Tests	2026-03-01T11:51:13.3074403Z     console.error
deploy-frontend	Run Frontend Tests	2026-03-01T11:51:13.3074752Z       Failed to fetch daily puzzle Error: Network Error
deploy-frontend	Run Frontend Tests	2026-03-01T11:51:13.3075446Z           at Object.<anonymous> (/home/runner/work/Market-Rover/Market-Rover/investcraft/frontend/src/tests/Puzzle.test.js:97:41)
deploy-frontend	Run Frontend Tests	2026-03-01T11:51:13.3076448Z           at Promise.then.completed (/home/runner/work/Market-Rover/Market-Rover/investcraft/frontend/node_modules/jest-circus/build/utils.js:391:28)
deploy-frontend	Run Frontend Tests	2026-03-01T11:51:13.3077226Z           at new Promise (<anonymous>)
deploy-frontend	Run Frontend Tests	2026-03-01T11:51:13.3077922Z           at callAsyncCircusFn (/home/runner/work/Market-Rover/Market-Rover/investcraft/frontend/node_modules/jest-circus/build/utils.js:316:10)
deploy-frontend	Run Frontend Tests	2026-03-01T11:51:13.3078916Z           at _callCircusTest (/home/runner/work/Market-Rover/Market-Rover/investcraft/frontend/node_modules/jest-circus/build/run.js:218:40)
deploy-frontend	Run Frontend Tests	2026-03-01T11:51:13.3079858Z           at _runTest (/home/runner/work/Market-Rover/Market-Rover/investcraft/frontend/node_modules/jest-circus/build/run.js:155:3)
deploy-frontend	Run Frontend Tests	2026-03-01T11:51:13.3080834Z           at _runTestsForDescribeBlock (/home/runner/work/Market-Rover/Market-Rover/investcraft/frontend/node_modules/jest-circus/build/run.js:66:9)
deploy-frontend	Run Frontend Tests	2026-03-01T11:51:13.3081871Z           at _runTestsForDescribeBlock (/home/runner/work/Market-Rover/Market-Rover/investcraft/frontend/node_modules/jest-circus/build/run.js:60:9)
deploy-frontend	Run Frontend Tests	2026-03-01T11:51:13.3082821Z           at run (/home/runner/work/Market-Rover/Market-Rover/investcraft/frontend/node_modules/jest-circus/build/run.js:25:3)
deploy-frontend	Run Frontend Tests	2026-03-01T11:51:13.3084145Z           at runAndTransformResultsToJestFormat (/home/runner/work/Market-Rover/Market-Rover/investcraft/frontend/node_modules/jest-circus/build/legacy-code-todo-rewrite/jestAdapterInit.js:170:21)
deploy-frontend	Run Frontend Tests	2026-03-01T11:51:13.3086428Z           at jestAdapter (/home/runner/work/Market-Rover/Market-Rover/investcraft/frontend/node_modules/jest-circus/build/legacy-code-todo-rewrite/jestAdapter.js:82:19)
deploy-frontend	Run Frontend Tests	2026-03-01T11:51:13.3088029Z           at runTestInternal (/home/runner/work/Market-Rover/Market-Rover/investcraft/frontend/node_modules/jest-runner/build/runTest.js:389:16)
deploy-frontend	Run Frontend Tests	2026-03-01T11:51:13.3089762Z           at runTest (/home/runner/work/Market-Rover/Market-Rover/investcraft/frontend/node_modules/jest-runner/build/runTest.js:475:34)
deploy-frontend	Run Frontend Tests	2026-03-01T11:51:13.3091529Z           at Object.worker (/home/runner/work/Market-Rover/Market-Rover/investcraft/frontend/node_modules/jest-runner/build/testWorker.js:133:12)
deploy-frontend	Run Frontend Tests	2026-03-01T11:51:13.3092409Z 
deploy-frontend	Run Frontend Tests	2026-03-01T11:51:13.3092981Z     [0m [90m 119 |[39m       setGameState([32m'menu'[39m)[33m;[39m
deploy-frontend	Run Frontend Tests	2026-03-01T11:51:13.3093985Z      [90m 120 |[39m     *** [36mcatch[39m (err) ***
deploy-frontend	Run Frontend Tests	2026-03-01T11:51:13.3095227Z     [31m[1m>[22m[39m[90m 121 |[39m       console[33m.[39merror([32m'Failed to fetch daily puzzle'[39m[33m,[39m err)[33m;[39m
deploy-frontend	Run Frontend Tests	2026-03-01T11:51:13.3096358Z      [90m     |[39m               [31m[1m^[22m[39m
deploy-frontend	Run Frontend Tests	2026-03-01T11:51:13.3098129Z      [90m 122 |[39m       [36mconst[39m todayIndex [33m=[39m [33mMath[39m[33m.[39mfloor([33mDate[39m[33m.[39mnow() [33m/[39m [35m86400000[39m) [33m%[39m [33mNIFTY50_BRANDS[39m[33m.[39mlength[33m;[39m
deploy-frontend	Run Frontend Tests	2026-03-01T11:51:13.3099839Z      [90m 123 |[39m       setCurrentBrand([33mNIFTY50_BRANDS[39m[todayIndex])[33m;[39m
deploy-frontend	Run Frontend Tests	2026-03-01T11:51:13.3100960Z      [90m 124 |[39m       setGameState([32m'menu'[39m)[33m;[39m[0m
deploy-frontend	Run Frontend Tests	2026-03-01T11:51:13.3101461Z 
deploy-frontend	Run Frontend Tests	2026-03-01T11:51:13.3101837Z       at fetchDailyPuzzle (src/pages/Puzzle.jsx:121:15)
deploy-frontend	Run Frontend Tests	2026-03-01T11:51:13.3102524Z 
deploy-frontend	Run Frontend Tests	2026-03-01T11:51:14.7580652Z -------------------|---------|----------|---------|---------|--------------------------------------------------------------------------------------------------------------------------
deploy-frontend	Run Frontend Tests	2026-03-01T11:51:14.7582765Z File               | % Stmts | % Branch | % Funcs | % Lines | Uncovered Line #s                                                                                                        
deploy-frontend	Run Frontend Tests	2026-03-01T11:51:14.7584889Z -------------------|---------|----------|---------|---------|--------------------------------------------------------------------------------------------------------------------------
deploy-frontend	Run Frontend Tests	2026-03-01T11:51:14.7590058Z All files          |   45.67 |    33.56 |   38.26 |   46.03 |                                                                                                                          
deploy-frontend	Run Frontend Tests	2026-03-01T11:51:14.7592102Z  src               |       0 |        0 |       0 |       0 |                                                                                                                          
deploy-frontend	Run Frontend Tests	2026-03-01T11:51:14.7593777Z   App.js           |       0 |        0 |       0 |       0 | 14-41                                                                                                                    
deploy-frontend	Run Frontend Tests	2026-03-01T11:51:14.7595206Z   index.js         |       0 |      100 |     100 |       0 | 6-7                                                                                                                      
deploy-frontend	Run Frontend Tests	2026-03-01T11:51:14.7596709Z  src/components    |       0 |        0 |       0 |       0 |                                                                                                                          
deploy-frontend	Run Frontend Tests	2026-03-01T11:51:14.7598205Z   GlitterBadge.jsx |       0 |        0 |       0 |       0 | 4-34                                                                                                                     
deploy-frontend	Run Frontend Tests	2026-03-01T11:51:14.7599657Z   Navbar.jsx       |       0 |        0 |       0 |       0 | 8-30                                                                                                                     
deploy-frontend	Run Frontend Tests	2026-03-01T11:51:14.7601118Z  src/context       |       0 |        0 |       0 |       0 |                                                                                                                          
deploy-frontend	Run Frontend Tests	2026-03-01T11:51:14.7602613Z   AuthContext.js   |       0 |        0 |       0 |       0 | 4-48                                                                                                                     
deploy-frontend	Run Frontend Tests	2026-03-01T11:51:14.7604367Z  src/data          |      50 |      100 |       0 |   66.66 |                                                                                                                          
deploy-frontend	Run Frontend Tests	2026-03-01T11:51:14.7605692Z   brands.js        |     100 |      100 |     100 |     100 |                                                                                                                          
deploy-frontend	Run Frontend Tests	2026-03-01T11:51:14.7606998Z   virtuoso.js      |   42.85 |      100 |       0 |      60 | 75,79                                                                                                                    
deploy-frontend	Run Frontend Tests	2026-03-01T11:51:14.7608235Z  src/pages         |   53.14 |    41.17 |   47.31 |   53.96 |                                                                                                                          
deploy-frontend	Run Frontend Tests	2026-03-01T11:51:14.7609418Z   Home.jsx         |       0 |        0 |       0 |       0 | 8-47                                                                                                                     
deploy-frontend	Run Frontend Tests	2026-03-01T11:51:14.7610540Z   Leaderboard.jsx  |       0 |        0 |       0 |       0 | 9-109                                                                                                                    
deploy-frontend	Run Frontend Tests	2026-03-01T11:51:14.7611706Z   Profile.jsx      |       0 |        0 |       0 |       0 | 8-229                                                                                                                    
deploy-frontend	Run Frontend Tests	2026-03-01T11:51:14.7613505Z   Puzzle.jsx       |   55.45 |    37.75 |      40 |   57.81 | 62,73-86,100-102,115,129-148,179-180,184-185,189-215,219-223,227-231,241-251,256-262,342,356-463,499-508,552-554,560-563 
deploy-frontend	Run Frontend Tests	2026-03-01T11:51:14.7615260Z   Vote.jsx         |   88.46 |     89.7 |   96.29 |   90.76 | 44,62-65,214                                                                                                             
deploy-frontend	Run Frontend Tests	2026-03-01T11:51:14.7616823Z -------------------|---------|----------|---------|---------|--------------------------------------------------------------------------------------------------------------------------
deploy-frontend	Run Frontend Tests	2026-03-01T11:51:14.8005487Z Jest: "global" coverage threshold for statements (75%) not met: 45.67%
deploy-frontend	Run Frontend Tests	2026-03-01T11:51:14.8006653Z Jest: "global" coverage threshold for branches (75%) not met: 33.56%
deploy-frontend	Run Frontend Tests	2026-03-01T11:51:14.8007540Z Jest: "global" coverage threshold for lines (75%) not met: 46.03%
deploy-frontend	Run Frontend Tests	2026-03-01T11:51:14.8009048Z Jest: "global" coverage threshold for functions (75%) not met: 38.26%
deploy-frontend	Run Frontend Tests	2026-03-01T11:51:14.8009600Z 
deploy-frontend	Run Frontend Tests	2026-03-01T11:51:14.8009887Z Test Suites: 3 passed, 3 total
deploy-frontend	Run Frontend Tests	2026-03-01T11:51:14.8010419Z Tests:       12 passed, 12 total
deploy-frontend	Run Frontend Tests	2026-03-01T11:51:14.8010872Z Snapshots:   0 total
deploy-frontend	Run Frontend Tests	2026-03-01T11:51:14.8011299Z Time:        5.077 s
deploy-frontend	Run Frontend Tests	2026-03-01T11:51:14.8011694Z Ran all test suites.
deploy-frontend	Run Frontend Tests	2026-03-01T11:51:14.8260351Z ##[error]Process completed with exit code 1.
deploy-frontend	Post Run actions/checkout@v4	∩╗┐2026-03-01T11:51:14.8432521Z Post job cleanup.
deploy-frontend	Post Run actions/checkout@v4	2026-03-01T11:51:14.9452047Z [command]/usr/bin/git version
deploy-frontend	Post Run actions/checkout@v4	2026-03-01T11:51:14.9488043Z git version 2.53.0
deploy-frontend	Post Run actions/checkout@v4	2026-03-01T11:51:14.9528718Z Temporarily overriding HOME='/home/runner/work/_temp/b02cb15e-19ce-4592-91ae-8952c95bfe27' before making global git config changes
deploy-frontend	Post Run actions/checkout@v4	2026-03-01T11:51:14.9530052Z Adding repository directory to the temporary git global config as a safe directory
deploy-frontend	Post Run actions/checkout@v4	2026-03-01T11:51:14.9544035Z [command]/usr/bin/git config --global --add safe.directory /home/runner/work/Market-Rover/Market-Rover
deploy-frontend	Post Run actions/checkout@v4	2026-03-01T11:51:14.9581081Z [command]/usr/bin/git config --local --name-only --get-regexp core\.sshCommand
deploy-frontend	Post Run actions/checkout@v4	2026-03-01T11:51:14.9614917Z [command]/usr/bin/git submodule foreach --recursive sh -c "git config --local --name-only --get-regexp 'core\.sshCommand' && git config --local --unset-all 'core.sshCommand' || :"
deploy-frontend	Post Run actions/checkout@v4	2026-03-01T11:51:14.9891154Z [command]/usr/bin/git config --local --name-only --get-regexp http\.https\:\/\/github\.com\/\.extraheader
deploy-frontend	Post Run actions/checkout@v4	2026-03-01T11:51:14.9915498Z http.https://github.com/.extraheader
deploy-frontend	Post Run actions/checkout@v4	2026-03-01T11:51:14.9928648Z [command]/usr/bin/git config --local --unset-all http.https://github.com/.extraheader
deploy-frontend	Post Run actions/checkout@v4	2026-03-01T11:51:14.9963395Z [command]/usr/bin/git submodule foreach --recursive sh -c "git config --local --name-only --get-regexp 'http\.https\:\/\/github\.com\/\.extraheader' && git config --local --unset-all 'http.https://github.com/.extraheader' || :"
deploy-frontend	Post Run actions/checkout@v4	2026-03-01T11:51:15.0162521Z [command]/usr/bin/git config --local --name-only --get-regexp ^includeIf\.gitdir:
deploy-frontend	Post Run actions/checkout@v4	2026-03-01T11:51:15.0193496Z [command]/usr/bin/git submodule foreach --recursive git config --local --show-origin --name-only --get-regexp remote.origin.url
deploy-frontend	Complete job	∩╗┐2026-03-01T11:51:15.0529546Z Cleaning up orphan processes
