============================= test session starts =============================
platform win32 -- Python 3.13.3, pytest-9.0.2, pluggy-1.6.0 -- C:\Users\jayas\AppData\Local\Programs\Python\Python313\python.exe
cachedir: .pytest_cache
rootdir: C:\Users\bsank\Market-Rover
configfile: setup.cfg
plugins: anyio-4.12.0, langsmith-0.5.0
collecting ... collected 2 items

tests/test_dashboard.py::TestDashboardRenderer::test_instantiation PASSED [ 50%]
tests/test_dashboard.py::TestDashboardRenderer::test_methods_exist FAILED [100%]

================================== FAILURES ===================================
__________________ TestDashboardRenderer.test_methods_exist ___________________
tests\test_dashboard.py:30: in test_methods_exist
    assert hasattr(renderer, 'render_dashboard')
E   AssertionError: assert False
E    +  where False = hasattr(<tools.dashboard_renderer.DashboardRenderer object at 0x000001A65F9B0A50>, 'render_dashboard')
=========================== short test summary info ===========================
FAILED tests/test_dashboard.py::TestDashboardRenderer::test_methods_exist - A...
========================= 1 failed, 1 passed in 2.09s =========================
